Archive member included to satisfy reference by file (symbol)

/usr/lib/gcc/arm-none-eabi/10.3.1/thumb/v7e-m+fp/hard/libgcc.a(_arm_muldf3.o)
                              /data/data/com.termux/files/home/arm-examples/blink/GCC_Project/output/ql_test_signals.o (__aeabi_dmul)
/usr/lib/gcc/arm-none-eabi/10.3.1/thumb/v7e-m+fp/hard/libgcc.a(_arm_addsubdf3.o)
                              /data/data/com.termux/files/home/arm-examples/blink/GCC_Project/output/ql_test_signals.o (__aeabi_dadd)
/usr/lib/gcc/arm-none-eabi/10.3.1/thumb/v7e-m+fp/hard/libgcc.a(_arm_muldivdf3.o)
                              /data/data/com.termux/files/home/arm-examples/blink/GCC_Project/output/eoss3_hal_i2c.o (__aeabi_ddiv)
/usr/lib/gcc/arm-none-eabi/10.3.1/thumb/v7e-m+fp/hard/libgcc.a(_arm_fixdfsi.o)
                              /data/data/com.termux/files/home/arm-examples/blink/GCC_Project/output/ql_test_signals.o (__aeabi_d2iz)
/usr/lib/gcc/arm-none-eabi/10.3.1/thumb/v7e-m+fp/hard/libgcc.a(_arm_truncdfsf2.o)
                              /data/data/com.termux/files/home/arm-examples/blink/GCC_Project/output/eoss3_hal_i2c.o (__aeabi_d2f)
/usr/lib/gcc/arm-none-eabi/10.3.1/thumb/v7e-m+fp/hard/libgcc.a(_aeabi_ldivmod.o)
                              /data/data/com.termux/files/home/arm-examples/blink/GCC_Project/output/dbg_uart.o (__aeabi_ldivmod)
/usr/lib/gcc/arm-none-eabi/10.3.1/thumb/v7e-m+fp/hard/libgcc.a(_aeabi_uldivmod.o)
                              /data/data/com.termux/files/home/arm-examples/blink/GCC_Project/output/s3x_lpm.o (__aeabi_uldivmod)
/usr/lib/gcc/arm-none-eabi/10.3.1/thumb/v7e-m+fp/hard/libgcc.a(_udivmoddi4.o)
                              /usr/lib/gcc/arm-none-eabi/10.3.1/thumb/v7e-m+fp/hard/libgcc.a(_aeabi_ldivmod.o) (__udivmoddi4)
/usr/lib/gcc/arm-none-eabi/10.3.1/thumb/v7e-m+fp/hard/libgcc.a(_dvmd_tls.o)
                              /usr/lib/gcc/arm-none-eabi/10.3.1/thumb/v7e-m+fp/hard/libgcc.a(_aeabi_ldivmod.o) (__aeabi_ldiv0)
/usr/lib/gcc/arm-none-eabi/10.3.1/../../../arm-none-eabi/lib/thumb/v7e-m+fp/hard/libg_nano.a(lib_a-atexit.o)
                              /usr/lib/gcc/arm-none-eabi/10.3.1/../../../arm-none-eabi/lib/thumb/v7e-m+fp/hard/crt0.o (atexit)
/usr/lib/gcc/arm-none-eabi/10.3.1/../../../arm-none-eabi/lib/thumb/v7e-m+fp/hard/libg_nano.a(lib_a-exit.o)
                              /usr/lib/gcc/arm-none-eabi/10.3.1/../../../arm-none-eabi/lib/thumb/v7e-m+fp/hard/crt0.o (exit)
/usr/lib/gcc/arm-none-eabi/10.3.1/../../../arm-none-eabi/lib/thumb/v7e-m+fp/hard/libg_nano.a(lib_a-fini.o)
                              /usr/lib/gcc/arm-none-eabi/10.3.1/../../../arm-none-eabi/lib/thumb/v7e-m+fp/hard/crt0.o (__libc_fini_array)
/usr/lib/gcc/arm-none-eabi/10.3.1/../../../arm-none-eabi/lib/thumb/v7e-m+fp/hard/libg_nano.a(lib_a-impure.o)
                              /usr/lib/gcc/arm-none-eabi/10.3.1/../../../arm-none-eabi/lib/thumb/v7e-m+fp/hard/libg_nano.a(lib_a-exit.o) (_global_impure_ptr)
/usr/lib/gcc/arm-none-eabi/10.3.1/../../../arm-none-eabi/lib/thumb/v7e-m+fp/hard/libg_nano.a(lib_a-init.o)
                              /usr/lib/gcc/arm-none-eabi/10.3.1/../../../arm-none-eabi/lib/thumb/v7e-m+fp/hard/crt0.o (__libc_init_array)
/usr/lib/gcc/arm-none-eabi/10.3.1/../../../arm-none-eabi/lib/thumb/v7e-m+fp/hard/libg_nano.a(lib_a-malloc.o)
                              /data/data/com.termux/files/home/arm-examples/blink/GCC_Project/output/circularBuffQueue.o (malloc)
/usr/lib/gcc/arm-none-eabi/10.3.1/../../../arm-none-eabi/lib/thumb/v7e-m+fp/hard/libg_nano.a(lib_a-memcpy.o)
                              /data/data/com.termux/files/home/arm-examples/blink/GCC_Project/output/cli_args.o (memcpy)
/usr/lib/gcc/arm-none-eabi/10.3.1/../../../arm-none-eabi/lib/thumb/v7e-m+fp/hard/libg_nano.a(lib_a-memmove.o)
                              /data/data/com.termux/files/home/arm-examples/blink/GCC_Project/output/cli_io.o (memmove)
/usr/lib/gcc/arm-none-eabi/10.3.1/../../../arm-none-eabi/lib/thumb/v7e-m+fp/hard/libg_nano.a(lib_a-memset.o)
                              /usr/lib/gcc/arm-none-eabi/10.3.1/../../../arm-none-eabi/lib/thumb/v7e-m+fp/hard/crt0.o (memset)
/usr/lib/gcc/arm-none-eabi/10.3.1/../../../arm-none-eabi/lib/thumb/v7e-m+fp/hard/libg_nano.a(lib_a-nano-freer.o)
                              /usr/lib/gcc/arm-none-eabi/10.3.1/../../../arm-none-eabi/lib/thumb/v7e-m+fp/hard/libg_nano.a(lib_a-malloc.o) (_free_r)
/usr/lib/gcc/arm-none-eabi/10.3.1/../../../arm-none-eabi/lib/thumb/v7e-m+fp/hard/libg_nano.a(lib_a-nano-mallocr.o)
                              /usr/lib/gcc/arm-none-eabi/10.3.1/../../../arm-none-eabi/lib/thumb/v7e-m+fp/hard/libg_nano.a(lib_a-malloc.o) (_malloc_r)
/usr/lib/gcc/arm-none-eabi/10.3.1/../../../arm-none-eabi/lib/thumb/v7e-m+fp/hard/libg_nano.a(lib_a-printf.o)
                              /data/data/com.termux/files/home/arm-examples/blink/GCC_Project/output/circularBuffQueue.o (printf)
/usr/lib/gcc/arm-none-eabi/10.3.1/../../../arm-none-eabi/lib/thumb/v7e-m+fp/hard/libg_nano.a(lib_a-puts.o)
[...]
Memory Configuration

Name             Origin             Length             Attributes
rom              0x0000000000000000 0x0000000000027000 xr
ram              0x0000000020027000 0x000000000003c800 xrw
spiram           0x0000000020063800 0x0000000000000800 rw
HWA              0x0000000020064000 0x0000000000018000 rw
shm              0x000000002007c000 0x0000000000004000
*default*        0x0000000000000000 0xffffffffffffffff

Linker script and memory map

LOAD /usr/lib/gcc/arm-none-eabi/10.3.1/thumb/v7e-m+fp/hard/crti.o
LOAD /usr/lib/gcc/arm-none-eabi/10.3.1/thumb/v7e-m+fp/hard/crtbegin.o
LOAD /usr/lib/gcc/arm-none-eabi/10.3.1/../../../arm-none-eabi/lib/thumb/v7e-m+fp/hard/crt0.o
LOAD /data/data/com.termux/files/home/arm-examples/blink/GCC_Project/output/c_lib_retarget.o
LOAD /data/data/com.termux/files/home/arm-examples/blink/GCC_Project/output/circularBuffQueue.o
LOAD /data/data/com.termux/files/home/arm-examples/blink/GCC_Project/output/cli_args.o
LOAD /data/data/com.termux/files/home/arm-examples/blink/GCC_Project/output/cli_hexdump.o
LOAD /data/data/com.termux/files/home/arm-examples/blink/GCC_Project/output/cli_io.o
LOAD /data/data/com.termux/files/home/arm-examples/blink/GCC_Project/output/cli_loop.o
LOAD /data/data/com.termux/files/home/arm-examples/blink/GCC_Project/output/cli_misc.o
LOAD /data/data/com.termux/files/home/arm-examples/blink/GCC_Project/output/cli_platform.o
LOAD /data/data/com.termux/files/home/arm-examples/blink/GCC_Project/output/cli_stdcmds.o
LOAD /data/data/com.termux/files/home/arm-examples/blink/GCC_Project/output/crc16.o
LOAD /data/data/com.termux/files/home/arm-examples/blink/GCC_Project/output/crc32.o
LOAD /data/data/com.termux/files/home/arm-examples/blink/GCC_Project/output/croutine.o
LOAD /data/data/com.termux/files/home/arm-examples/blink/GCC_Project/output/dbg_bufferedprinttask.o
LOAD /data/data/com.termux/files/home/arm-examples/blink/GCC_Project/output/dbg_queue_monitor.o
LOAD /data/data/com.termux/files/home/arm-examples/blink/GCC_Project/output/dbg_uart.o
LOAD /data/data/com.termux/files/home/arm-examples/blink/GCC_Project/output/dbgtrace.o
LOAD /data/data/com.termux/files/home/arm-examples/blink/GCC_Project/output/eoss3_hal_adc.o
LOAD /data/data/com.termux/files/home/arm-examples/blink/GCC_Project/output/eoss3_hal_gpio.o
LOAD /data/data/com.termux/files/home/arm-examples/blink/GCC_Project/output/eoss3_hal_i2c.o
LOAD /data/data/com.termux/files/home/arm-examples/blink/GCC_Project/output/eoss3_hal_i2s.o
LOAD /data/data/com.termux/files/home/arm-examples/blink/GCC_Project/output/eoss3_hal_i2s_slave_assp.o
LOAD /data/data/com.termux/files/home/arm-examples/blink/GCC_Project/output/eoss3_hal_pad_config.o
LOAD /data/data/com.termux/files/home/arm-examples/blink/GCC_Project/output/eoss3_hal_pkfb.o
LOAD /data/data/com.termux/files/home/arm-examples/blink/GCC_Project/output/eoss3_hal_rtc.o
LOAD /data/data/com.termux/files/home/arm-examples/blink/GCC_Project/output/eoss3_hal_sdma.o
LOAD /data/data/com.termux/files/home/arm-examples/blink/GCC_Project/output/eoss3_hal_spi.o
LOAD /data/data/com.termux/files/home/arm-examples/blink/GCC_Project/output/eoss3_hal_timer.o
LOAD /data/data/com.termux/files/home/arm-examples/blink/GCC_Project/output/eoss3_hal_uart.o
LOAD /data/data/com.termux/files/home/arm-examples/blink/GCC_Project/output/eoss3_hal_wb.o
LOAD /data/data/com.termux/files/home/arm-examples/blink/GCC_Project/output/eoss3_hal_wdt.o
LOAD /data/data/com.termux/files/home/arm-examples/blink/GCC_Project/output/event_groups.o
LOAD /data/data/com.termux/files/home/arm-examples/blink/GCC_Project/output/exceptions.o
LOAD /data/data/com.termux/files/home/arm-examples/blink/GCC_Project/output/freertos_static_memory.o
LOAD /data/data/com.termux/files/home/arm-examples/blink/GCC_Project/output/heap_4.o
LOAD /data/data/com.termux/files/home/arm-examples/blink/GCC_Project/output/hearable_pwrcfg.o
LOAD /data/data/com.termux/files/home/arm-examples/blink/GCC_Project/output/leds.o
LOAD /data/data/com.termux/files/home/arm-examples/blink/GCC_Project/output/list.o
LOAD /data/data/com.termux/files/home/arm-examples/blink/GCC_Project/output/main.o
LOAD /data/data/com.termux/files/home/arm-examples/blink/GCC_Project/output/main_dbg_cli_menu.o
LOAD /data/data/com.termux/files/home/arm-examples/blink/GCC_Project/output/pincfg_table.o
LOAD /data/data/com.termux/files/home/arm-examples/blink/GCC_Project/output/port.o
LOAD /data/data/com.termux/files/home/arm-examples/blink/GCC_Project/output/qf_baremetalsetup.o
LOAD /data/data/com.termux/files/home/arm-examples/blink/GCC_Project/output/qf_hardwaresetup.o
LOAD /data/data/com.termux/files/home/arm-examples/blink/GCC_Project/output/ql_base64.o
LOAD /data/data/com.termux/files/home/arm-examples/blink/GCC_Project/output/ql_stackwatermark.o
LOAD /data/data/com.termux/files/home/arm-examples/blink/GCC_Project/output/ql_test_signals.o
LOAD /data/data/com.termux/files/home/arm-examples/blink/GCC_Project/output/ql_time.o
LOAD /data/data/com.termux/files/home/arm-examples/blink/GCC_Project/output/queue.o
LOAD /data/data/com.termux/files/home/arm-examples/blink/GCC_Project/output/s3x_clock.o
LOAD /data/data/com.termux/files/home/arm-examples/blink/GCC_Project/output/s3x_clock_hal.o
LOAD /data/data/com.termux/files/home/arm-examples/blink/GCC_Project/output/s3x_cpuload.o
LOAD /data/data/com.termux/files/home/arm-examples/blink/GCC_Project/output/s3x_dfs.o
LOAD /data/data/com.termux/files/home/arm-examples/blink/GCC_Project/output/s3x_lpm.o
LOAD /data/data/com.termux/files/home/arm-examples/blink/GCC_Project/output/s3x_pi.o
LOAD /data/data/com.termux/files/home/arm-examples/blink/GCC_Project/output/s3x_pwrcfg.o
LOAD /data/data/com.termux/files/home/arm-examples/blink/GCC_Project/output/s3x_qos.o
LOAD /data/data/com.termux/files/home/arm-examples/blink/GCC_Project/output/sec_debug.o
LOAD /data/data/com.termux/files/home/arm-examples/blink/GCC_Project/output/spi_flash.o
LOAD /data/data/com.termux/files/home/arm-examples/blink/GCC_Project/output/startup_EOSS3B_GCC.o
LOAD /data/data/com.termux/files/home/arm-examples/blink/GCC_Project/output/stream_buffer.o
LOAD /data/data/com.termux/files/home/arm-examples/blink/GCC_Project/output/tasks.o
LOAD /data/data/com.termux/files/home/arm-examples/blink/GCC_Project/output/timers.o
LOAD /data/data/com.termux/files/home/arm-examples/blink/GCC_Project/output/vectors_CM4F_gcc.o
LOAD /data/data/com.termux/files/home/arm-examples/blink/GCC_Project/output/watchdog.o
LOAD /usr/lib/gcc/arm-none-eabi/10.3.1/../../../arm-none-eabi/lib/thumb/v7e-m+fp/hard/libm.a
LOAD /data/data/com.termux/files/home/pygmy-dev/pygmy-sdk/Libraries/CMSIS/lib/GCC/libarm_cortexM4lf_math.a
START GROUP
LOAD /usr/lib/gcc/arm-none-eabi/10.3.1/thumb/v7e-m+fp/hard/libgcc.a
LOAD /usr/lib/gcc/arm-none-eabi/10.3.1/../../../arm-none-eabi/lib/thumb/v7e-m+fp/hard/libg_nano.a
LOAD /usr/lib/gcc/arm-none-eabi/10.3.1/../../../arm-none-eabi/lib/thumb/v7e-m+fp/hard/libc_nano.a
END GROUP
START GROUP
LOAD /usr/lib/gcc/arm-none-eabi/10.3.1/thumb/v7e-m+fp/hard/libgcc.a
LOAD /usr/lib/gcc/arm-none-eabi/10.3.1/../../../arm-none-eabi/lib/thumb/v7e-m+fp/hard/libc_nano.a
LOAD /usr/lib/gcc/arm-none-eabi/10.3.1/../../../arm-none-eabi/lib/thumb/v7e-m+fp/hard/libnosys.a
END GROUP
START GROUP
LOAD /usr/lib/gcc/arm-none-eabi/10.3.1/thumb/v7e-m+fp/hard/libgcc.a
LOAD /usr/lib/gcc/arm-none-eabi/10.3.1/../../../arm-none-eabi/lib/thumb/v7e-m+fp/hard/libc_nano.a
LOAD /usr/lib/gcc/arm-none-eabi/10.3.1/../../../arm-none-eabi/lib/thumb/v7e-m+fp/hard/libnosys.a
END GROUP
LOAD /usr/lib/gcc/arm-none-eabi/10.3.1/thumb/v7e-m+fp/hard/crtend.o
LOAD /usr/lib/gcc/arm-none-eabi/10.3.1/thumb/v7e-m+fp/hard/crtn.o

.text           0x0000000000000000     0x8ad9
 *(.isr_vector)
 .isr_vector    0x0000000000000000      0x124 /data/data/com.termux/files/home/arm-examples/blink/GCC_Project/output/vectors_CM4F_gcc.o
                0x0000000000000000                __Vectors
 *(.text*)
 .text          0x0000000000000124       0x88 /usr/lib/gcc/arm-none-eabi/10.3.1/thumb/v7e-m+fp/hard/crtbegin.o
 .text          0x00000000000001ac       0x70 /usr/lib/gcc/arm-none-eabi/10.3.1/../../../arm-none-eabi/lib/thumb/v7e-m+fp/hard/crt0.o
                0x00000000000001ac                _stack_init
                0x00000000000001b4                _mainCRTStartup
                0x00000000000001b4                _start
 .text._write   0x000000000000021c        0xe /data/data/com.termux/files/home/arm-examples/blink/GCC_Project/output/c_lib_retarget.o
                0x000000000000021c                _write
 .text._close   0x000000000000022a        0x6 /data/data/com.termux/files/home/arm-examples/blink/GCC_Project/output/c_lib_retarget.o
                0x000000000000022a                _close
 .text._lseek   0x0000000000000230        0x4 /data/data/com.termux/files/home/arm-examples/blink/GCC_Project/output/c_lib_retarget.o
                0x0000000000000230                _lseek
 .text._read    0x0000000000000234        0x4 /data/data/com.termux/files/home/arm-examples/blink/GCC_Project/output/c_lib_retarget.o
                0x0000000000000234                _read
 .text.do_str_fetch
                0x0000000000000238       0x3c /data/data/com.termux/files/home/arm-examples/blink/GCC_Project/output/cli_args.o
 .text.CLI_string_ptr_get_subcmd
                0x0000000000000274       0x20 /data/data/com.termux/files/home/arm-examples/blink/GCC_Project/output/cli_args.o
                0x0000000000000274                CLI_string_ptr_get_subcmd
 .text.CLI_numX_getshow_X
                0x0000000000000294      0x170 /data/data/com.termux/files/home/arm-examples/blink/GCC_Project/output/cli_args.o
                0x0000000000000294                CLI_numX_getshow_X
 .text.CLI_uint8_getshow
                0x0000000000000404        0x8 /data/data/com.termux/files/home/arm-examples/blink/GCC_Project/output/cli_args.o
                0x0000000000000404                CLI_uint8_getshow
 .text.append_key
                0x000000000000040c       0x30 /data/data/com.termux/files/home/arm-examples/blink/GCC_Project/output/cli_io.o
 .text.get_key_ignore_null
                0x000000000000043c       0x18 /data/data/com.termux/files/home/arm-examples/blink/GCC_Project/output/cli_io.o
 .text.CLI_getkey_peek
                0x0000000000000454      0x110 /data/data/com.termux/files/home/arm-examples/blink/GCC_Project/output/cli_io.o
                0x0000000000000454                CLI_getkey_peek
 .text.CLI_getkey
                0x0000000000000564       0x30 /data/data/com.termux/files/home/arm-examples/blink/GCC_Project/output/cli_io.o
                0x0000000000000564                CLI_getkey
 .text.CLI_col0_timestamp
                0x0000000000000594       0x78 /data/data/com.termux/files/home/arm-examples/blink/GCC_Project/output/cli_io.o
                0x0000000000000594                CLI_col0_timestamp
 .text.CLI_putc
                0x000000000000060c       0x4c /data/data/com.termux/files/home/arm-examples/blink/GCC_Project/output/cli_io.o
                0x000000000000060c                CLI_putc
 .text.CLI_puts_no_nl
                0x0000000000000658       0x12 /data/data/com.termux/files/home/arm-examples/blink/GCC_Project/output/cli_io.o
                0x0000000000000658                CLI_puts_no_nl
 *fill*         0x000000000000066a        0x2 
 .text.CLI_vprintf
                0x000000000000066c       0x24 /data/data/com.termux/files/home/arm-examples/blink/GCC_Project/output/cli_io.o
                0x000000000000066c                CLI_vprintf
 .text.CLI_printf
                0x0000000000000690       0x1a /data/data/com.termux/files/home/arm-examples/blink/GCC_Project/output/cli_io.o
                0x0000000000000690                CLI_printf
 *fill*         0x00000000000006aa        0x2 
 .text.handle_help
                0x00000000000006ac       0xc4 /data/data/com.termux/files/home/arm-examples/blink/GCC_Project/output/cli_loop.o
 .text.CLI_cmd_stack_replace
                0x0000000000000770       0x10 /data/data/com.termux/files/home/arm-examples/blink/GCC_Project/output/cli_loop.o
                0x0000000000000770                CLI_cmd_stack_replace
 .text.CLI_cmd_stack_push
                0x0000000000000780       0x30 /data/data/com.termux/files/home/arm-examples/blink/GCC_Project/output/cli_loop.o
                0x0000000000000780                CLI_cmd_stack_push
 .text.CLI_cmd_stack_clear
                0x00000000000007b0       0x24 /data/data/com.termux/files/home/arm-examples/blink/GCC_Project/output/cli_loop.o
                0x00000000000007b0                CLI_cmd_stack_clear
 .text.CLI_cmd_stack_pop
                0x00000000000007d4       0x40 /data/data/com.termux/files/home/arm-examples/blink/GCC_Project/output/cli_loop.o
                0x00000000000007d4                CLI_cmd_stack_pop
 .text.handle_exit
                0x0000000000000814       0x1c /data/data/com.termux/files/home/arm-examples/blink/GCC_Project/output/cli_loop.o
 .text.CLI_init
                0x0000000000000830       0x24 /data/data/com.termux/files/home/arm-examples/blink/GCC_Project/output/cli_loop.o
                0x0000000000000830                CLI_init
 .text.CLI_print_prompt
                0x0000000000000854       0x44 /data/data/com.termux/files/home/arm-examples/blink/GCC_Project/output/cli_loop.o
                0x0000000000000854                CLI_print_prompt
 .text.CLI_dispatch_subcmd
                0x0000000000000898       0x84 /data/data/com.termux/files/home/arm-examples/blink/GCC_Project/output/cli_loop.o
                0x0000000000000898                CLI_dispatch_subcmd
 .text.CLI_dispatch
                0x000000000000091c       0xc0 /data/data/com.termux/files/home/arm-examples/blink/GCC_Project/output/cli_loop.o
 .text.CLI_submenu_handler
                0x00000000000009dc       0x30 /data/data/com.termux/files/home/arm-examples/blink/GCC_Project/output/cli_loop.o
                0x00000000000009dc                CLI_submenu_handler
 .text.CLI_verror
                0x0000000000000a0c       0x40 /data/data/com.termux/files/home/arm-examples/blink/GCC_Project/output/cli_loop.o
                0x0000000000000a0c                CLI_verror
 .text.CLI_rx_byte
                0x0000000000000a4c       0xe8 /data/data/com.termux/files/home/arm-examples/blink/GCC_Project/output/cli_loop.o
                0x0000000000000a4c                CLI_rx_byte
 .text.CLI_is_more_args
                0x0000000000000b34       0x14 /data/data/com.termux/files/home/arm-examples/blink/GCC_Project/output/cli_misc.o
                0x0000000000000b34                CLI_is_more_args
 .text.CLI_error
                0x0000000000000b48       0x1a /data/data/com.termux/files/home/arm-examples/blink/GCC_Project/output/cli_misc.o
                0x0000000000000b48                CLI_error
 *fill*         0x0000000000000b62        0x2 
 .text.CLI_error_missing_parameter
                0x0000000000000b64        0xc /data/data/com.termux/files/home/arm-examples/blink/GCC_Project/output/cli_misc.o
                0x0000000000000b64                CLI_error_missing_parameter
 .text.CLI_error_not_a_number
                0x0000000000000b70       0x10 /data/data/com.termux/files/home/arm-examples/blink/GCC_Project/output/cli_misc.o
                0x0000000000000b70                CLI_error_not_a_number
 .text.CLI_task
                0x0000000000000b80       0x54 /data/data/com.termux/files/home/arm-examples/blink/GCC_Project/output/cli_platform.o
                0x0000000000000b80                CLI_task
 .text.CLI_time_now
                0x0000000000000bd4        0x4 /data/data/com.termux/files/home/arm-examples/blink/GCC_Project/output/cli_platform.o
                0x0000000000000bd4                CLI_time_now
 .text.CLI_beep
                0x0000000000000bd8        0x6 /data/data/com.termux/files/home/arm-examples/blink/GCC_Project/output/cli_platform.o
                0x0000000000000bd8                CLI_beep
 .text.CLI_timeout_expired
                0x0000000000000bde       0x22 /data/data/com.termux/files/home/arm-examples/blink/GCC_Project/output/cli_platform.o
                0x0000000000000bde                CLI_timeout_expired
 .text.CLI_putc_raw
                0x0000000000000c00        0x8 /data/data/com.termux/files/home/arm-examples/blink/GCC_Project/output/cli_platform.o
                0x0000000000000c00                CLI_putc_raw
 .text.CLI_getkey_raw
                0x0000000000000c08       0x3c /data/data/com.termux/files/home/arm-examples/blink/GCC_Project/output/cli_platform.o
                0x0000000000000c08                CLI_getkey_raw
 .text.CLI_start_task
                0x0000000000000c44       0x58 /data/data/com.termux/files/home/arm-examples/blink/GCC_Project/output/cli_platform.o
                0x0000000000000c44                CLI_start_task
 .text.__debug_lockup
                0x0000000000000c9c       0x14 /data/data/com.termux/files/home/arm-examples/blink/GCC_Project/output/dbg_uart.o
 .text._semihost_write
                0x0000000000000cb0       0x50 /data/data/com.termux/files/home/arm-examples/blink/GCC_Project/output/dbg_uart.o
                0x0000000000000cb0                _semihost_write
 .text.dbg_ch_raw
                0x0000000000000d00       0x78 /data/data/com.termux/files/home/arm-examples/blink/GCC_Project/output/dbg_uart.o
                0x0000000000000d00                dbg_ch_raw
 .text.dbg_nl   0x0000000000000d78       0x12 /data/data/com.termux/files/home/arm-examples/blink/GCC_Project/output/dbg_uart.o
                0x0000000000000d78                dbg_nl
 .text.dbg_ch   0x0000000000000d8a        0xc /data/data/com.termux/files/home/arm-examples/blink/GCC_Project/output/dbg_uart.o
                0x0000000000000d8a                dbg_ch
 .text.dbg_hex4
                0x0000000000000d96       0x14 /data/data/com.termux/files/home/arm-examples/blink/GCC_Project/output/dbg_uart.o
 .text.dbg_hex8
                0x0000000000000daa       0x14 /data/data/com.termux/files/home/arm-examples/blink/GCC_Project/output/dbg_uart.o
                0x0000000000000daa                dbg_hex8
 .text.dbg_hex16
                0x0000000000000dbe       0x14 /data/data/com.termux/files/home/arm-examples/blink/GCC_Project/output/dbg_uart.o
                0x0000000000000dbe                dbg_hex16
 .text.dbg_hex32
                0x0000000000000dd2       0x14 /data/data/com.termux/files/home/arm-examples/blink/GCC_Project/output/dbg_uart.o
                0x0000000000000dd2                dbg_hex32
 .text._dbg_int
                0x0000000000000de6       0x20 /data/data/com.termux/files/home/arm-examples/blink/GCC_Project/output/dbg_uart.o
 .text.dbg_memdumpx
                0x0000000000000e06       0xea /data/data/com.termux/files/home/arm-examples/blink/GCC_Project/output/dbg_uart.o
 .text.dbg_str  0x0000000000000ef0       0x84 /data/data/com.termux/files/home/arm-examples/blink/GCC_Project/output/dbg_uart.o
                0x0000000000000ef0                dbg_str
 .text._dbg_str_xxx
                0x0000000000000f74       0x16 /data/data/com.termux/files/home/arm-examples/blink/GCC_Project/output/dbg_uart.o
 .text.dbg_str_hexXX
                0x0000000000000f8a       0x22 /data/data/com.termux/files/home/arm-examples/blink/GCC_Project/output/dbg_uart.o
 .text.dbg_int  0x0000000000000fac       0x24 /data/data/com.termux/files/home/arm-examples/blink/GCC_Project/output/dbg_uart.o
                0x0000000000000fac                dbg_int
 .text.dbg_str_str
                0x0000000000000fd0       0x16 /data/data/com.termux/files/home/arm-examples/blink/GCC_Project/output/dbg_uart.o
                0x0000000000000fd0                dbg_str_str
 .text.dbg_str_int
                0x0000000000000fe6       0x16 /data/data/com.termux/files/home/arm-examples/blink/GCC_Project/output/dbg_uart.o
                0x0000000000000fe6                dbg_str_int
 .text.dbg_str_hex32
                0x0000000000000ffc        0xc /data/data/com.termux/files/home/arm-examples/blink/GCC_Project/output/dbg_uart.o
                0x0000000000000ffc                dbg_str_hex32
 .text.dbg_fatal_error
                0x0000000000001008       0x12 /data/data/com.termux/files/home/arm-examples/blink/GCC_Project/output/dbg_uart.o
                0x0000000000001008                dbg_fatal_error
 .text.dbg_fatal_error_int
                0x000000000000101a        0xe /data/data/com.termux/files/home/arm-examples/blink/GCC_Project/output/dbg_uart.o
                0x000000000000101a                dbg_fatal_error_int
 .text.dbg_memdump32
                0x0000000000001028       0x1e /data/data/com.termux/files/home/arm-examples/blink/GCC_Project/output/dbg_uart.o
                0x0000000000001028                dbg_memdump32
 *fill*         0x0000000000001046        0x2 
 .text.HAL_GPIO_Write
                0x0000000000001048       0x28 /data/data/com.termux/files/home/arm-examples/blink/GCC_Project/output/eoss3_hal_gpio.o
                0x0000000000001048                HAL_GPIO_Write
 .text.HAL_PAD_Config
                0x0000000000001070      0x184 /data/data/com.termux/files/home/arm-examples/blink/GCC_Project/output/eoss3_hal_pad_config.o
                0x0000000000001070                HAL_PAD_Config
 .text.configure_s3_pads
                0x00000000000011f4       0x1a /data/data/com.termux/files/home/arm-examples/blink/GCC_Project/output/eoss3_hal_pad_config.o
                0x00000000000011f4                configure_s3_pads
 *fill*         0x000000000000120e        0x2 
 .text.eoss3_rtc_enable_irq
                0x0000000000001210       0x28 /data/data/com.termux/files/home/arm-examples/blink/GCC_Project/output/eoss3_hal_rtc.o
 .text.write_rtc_reg
                0x0000000000001238       0x18 /data/data/com.termux/files/home/arm-examples/blink/GCC_Project/output/eoss3_hal_rtc.o
 .text.__rtc_setup_alarm.constprop.0
                0x0000000000001250       0x44 /data/data/com.termux/files/home/arm-examples/blink/GCC_Project/output/eoss3_hal_rtc.o
 .text.HAL_RTC_ISR
                0x0000000000001294       0x24 /data/data/com.termux/files/home/arm-examples/blink/GCC_Project/output/eoss3_hal_rtc.o
                0x0000000000001294                HAL_RTC_ISR
 .text.unlock_spi1_bus
                0x00000000000012b8       0x5c /data/data/com.termux/files/home/arm-examples/blink/GCC_Project/output/eoss3_hal_spi.o
                0x00000000000012b8                unlock_spi1_bus
 .text.SPI_DMA_Complete
                0x0000000000001314       0x88 /data/data/com.termux/files/home/arm-examples/blink/GCC_Project/output/eoss3_hal_spi.o
                0x0000000000001314                SPI_DMA_Complete
 .text.HAL_SPI_IRQHandler
                0x000000000000139c       0x6c /data/data/com.termux/files/home/arm-examples/blink/GCC_Project/output/eoss3_hal_spi.o
                0x000000000000139c                HAL_SPI_IRQHandler
 .text.HAL_Delay_Init
                0x0000000000001408       0x58 /data/data/com.termux/files/home/arm-examples/blink/GCC_Project/output/eoss3_hal_timer.o
                0x0000000000001408                HAL_Delay_Init
 .text.HAL_DelayUSec
                0x0000000000001460       0x28 /data/data/com.termux/files/home/arm-examples/blink/GCC_Project/output/eoss3_hal_timer.o
                0x0000000000001460                HAL_DelayUSec
 .text.HAL_Timer_ISR
                0x0000000000001488       0x88 /data/data/com.termux/files/home/arm-examples/blink/GCC_Project/output/eoss3_hal_timer.o
                0x0000000000001488                HAL_Timer_ISR
 .text.uart_baud_rate
                0x0000000000001510       0x60 /data/data/com.termux/files/home/arm-examples/blink/GCC_Project/output/eoss3_hal_uart.o
 .text.is_hw_uart_enabled
                0x0000000000001570       0x20 /data/data/com.termux/files/home/arm-examples/blink/GCC_Project/output/eoss3_hal_uart.o
 .text.uart_disable
                0x0000000000001590       0x1c /data/data/com.termux/files/home/arm-examples/blink/GCC_Project/output/eoss3_hal_uart.o
 .text.uart_lpm_callback
                0x00000000000015ac       0x70 /data/data/com.termux/files/home/arm-examples/blink/GCC_Project/output/eoss3_hal_uart.o
 .text.uart_init
                0x000000000000161c      0x16c /data/data/com.termux/files/home/arm-examples/blink/GCC_Project/output/eoss3_hal_uart.o
                0x000000000000161c                uart_init
 .text.uart_isr_handler
                0x0000000000001788       0x84 /data/data/com.termux/files/home/arm-examples/blink/GCC_Project/output/eoss3_hal_uart.o
                0x0000000000001788                uart_isr_handler
 .text.uart_tx_raw
                0x000000000000180c       0x38 /data/data/com.termux/files/home/arm-examples/blink/GCC_Project/output/eoss3_hal_uart.o
                0x000000000000180c                uart_tx_raw
 .text.uart_tx  0x0000000000001844       0x1c /data/data/com.termux/files/home/arm-examples/blink/GCC_Project/output/eoss3_hal_uart.o
                0x0000000000001844                uart_tx
 .text.uart_tx_buf
                0x0000000000001860       0x1a /data/data/com.termux/files/home/arm-examples/blink/GCC_Project/output/eoss3_hal_uart.o
                0x0000000000001860                uart_tx_buf
 *fill*         0x000000000000187a        0x2 
 .text.uart_rx_wait
                0x000000000000187c       0x34 /data/data/com.termux/files/home/arm-examples/blink/GCC_Project/output/eoss3_hal_uart.o
                0x000000000000187c                uart_rx_wait
 .text.uart_rx_available
                0x00000000000018b0       0x34 /data/data/com.termux/files/home/arm-examples/blink/GCC_Project/output/eoss3_hal_uart.o
                0x00000000000018b0                uart_rx_available
 .text.uart_rx  0x00000000000018e4       0x60 /data/data/com.termux/files/home/arm-examples/blink/GCC_Project/output/eoss3_hal_uart.o
                0x00000000000018e4                uart_rx
 .text.WDT_ISR  0x0000000000001944       0x8c /data/data/com.termux/files/home/arm-examples/blink/GCC_Project/output/eoss3_hal_wdt.o
                0x0000000000001944                WDT_ISR
 .text.spurious_interrupt
                0x00000000000019d0        0xc /data/data/com.termux/files/home/arm-examples/blink/GCC_Project/output/exceptions.o
 .text.prvGetRegistersFromStack
                0x00000000000019dc       0xf0 /data/data/com.termux/files/home/arm-examples/blink/GCC_Project/output/exceptions.o
                0x00000000000019dc                prvGetRegistersFromStack
 .text.HardFault_Handler
                0x0000000000001acc       0x16 /data/data/com.termux/files/home/arm-examples/blink/GCC_Project/output/exceptions.o
                0x0000000000001acc                HardFault_Handler
 .text.NMI_Handler
                0x0000000000001ae2        0x6 /data/data/com.termux/files/home/arm-examples/blink/GCC_Project/output/exceptions.o
                0x0000000000001ae2                NMI_Handler
 .text.MemManage_Handler
                0x0000000000001ae8        0x6 /data/data/com.termux/files/home/arm-examples/blink/GCC_Project/output/exceptions.o
                0x0000000000001ae8                MemManage_Handler
 .text.BusFault_Handler
                0x0000000000001aee        0x6 /data/data/com.termux/files/home/arm-examples/blink/GCC_Project/output/exceptions.o
                0x0000000000001aee                BusFault_Handler
 .text.UsageFault_Handler
                0x0000000000001af4        0x6 /data/data/com.termux/files/home/arm-examples/blink/GCC_Project/output/exceptions.o
                0x0000000000001af4                UsageFault_Handler
 .text.DebugMon_Handler
                0x0000000000001afa        0x6 /data/data/com.termux/files/home/arm-examples/blink/GCC_Project/output/exceptions.o
                0x0000000000001afa                DebugMon_Handler
 .text.Uart_Handler
                0x0000000000001b00       0x50 /data/data/com.termux/files/home/arm-examples/blink/GCC_Project/output/exceptions.o
                0x0000000000001b00                Uart_Handler
 .text.Timer_Handler
                0x0000000000001b50       0x24 /data/data/com.termux/files/home/arm-examples/blink/GCC_Project/output/exceptions.o
                0x0000000000001b50                Timer_Handler
 .text.CpuWdtInt_Handler
                0x0000000000001b74       0x24 /data/data/com.termux/files/home/arm-examples/blink/GCC_Project/output/exceptions.o
                0x0000000000001b74                CpuWdtInt_Handler
 .text.CpuWdtRst_Handler
                0x0000000000001b98        0x6 /data/data/com.termux/files/home/arm-examples/blink/GCC_Project/output/exceptions.o
                0x0000000000001b98                CpuWdtRst_Handler
 .text.BusTimeout_Handler
                0x0000000000001b9e        0x6 /data/data/com.termux/files/home/arm-examples/blink/GCC_Project/output/exceptions.o
                0x0000000000001b9e                BusTimeout_Handler
 .text.Fpu_Handler
                0x0000000000001ba4        0x6 /data/data/com.termux/files/home/arm-examples/blink/GCC_Project/output/exceptions.o
                0x0000000000001ba4                Fpu_Handler
 *fill*         0x0000000000001baa        0x2 
 .text.Pkfb_Handler
                0x0000000000001bac       0x10 /data/data/com.termux/files/home/arm-examples/blink/GCC_Project/output/exceptions.o
                0x0000000000001bac                Pkfb_Handler
 .text.I2s_Handler
                0x0000000000001bbc        0x6 /data/data/com.termux/files/home/arm-examples/blink/GCC_Project/output/exceptions.o
                0x0000000000001bbc                I2s_Handler
 .text.Audio_Handler
                0x0000000000001bc2        0x6 /data/data/com.termux/files/home/arm-examples/blink/GCC_Project/output/exceptions.o
                0x0000000000001bc2                Audio_Handler
 .text.SpiMs_Handler
                0x0000000000001bc8       0x5c /data/data/com.termux/files/home/arm-examples/blink/GCC_Project/output/exceptions.o
                0x0000000000001bc8                SpiMs_Handler
 .text.CfgDma_Handler
                0x0000000000001c24       0x28 /data/data/com.termux/files/home/arm-examples/blink/GCC_Project/output/exceptions.o
                0x0000000000001c24                CfgDma_Handler
 .text.PmuTimer_Handler
                0x0000000000001c4c        0x2 /data/data/com.termux/files/home/arm-examples/blink/GCC_Project/output/exceptions.o
                0x0000000000001c4c                PmuTimer_Handler
 .text.AdcDone_Handler
                0x0000000000001c4e        0x8 /data/data/com.termux/files/home/arm-examples/blink/GCC_Project/output/exceptions.o
                0x0000000000001c4e                AdcDone_Handler
 *fill*         0x0000000000001c56        0x2 
 .text.RtcAlarm_Handler
                0x0000000000001c58       0x1c /data/data/com.termux/files/home/arm-examples/blink/GCC_Project/output/exceptions.o
                0x0000000000001c58                RtcAlarm_Handler
 .text.ResetInt_Handler
                0x0000000000001c74        0x8 /data/data/com.termux/files/home/arm-examples/blink/GCC_Project/output/exceptions.o
                0x0000000000001c74                ResetInt_Handler
 .text.Ffe0_Handler
                0x0000000000001c7c       0x18 /data/data/com.termux/files/home/arm-examples/blink/GCC_Project/output/exceptions.o
                0x0000000000001c7c                Ffe0_Handler
 .text.FbMsg_Handler
                0x0000000000001c94       0x6c /data/data/com.termux/files/home/arm-examples/blink/GCC_Project/output/exceptions.o
                0x0000000000001c94                FbMsg_Handler
 .text.SensorGpio_Handler
                0x0000000000001d00        0x8 /data/data/com.termux/files/home/arm-examples/blink/GCC_Project/output/exceptions.o
                0x0000000000001d00                SensorGpio_Handler
 .text.M4SramSleep_Handler
                0x0000000000001d08        0x8 /data/data/com.termux/files/home/arm-examples/blink/GCC_Project/output/exceptions.o
                0x0000000000001d08                M4SramSleep_Handler
 .text.LDO30_PG_Handler
                0x0000000000001d10        0x8 /data/data/com.termux/files/home/arm-examples/blink/GCC_Project/output/exceptions.o
                0x0000000000001d10                LDO30_PG_Handler
 .text.LDO50_PG_Handler
                0x0000000000001d18        0x8 /data/data/com.termux/files/home/arm-examples/blink/GCC_Project/output/exceptions.o
                0x0000000000001d18                LDO50_PG_Handler
 .text.DMIC_Voice_Det_Handler
                0x0000000000001d20        0x8 /data/data/com.termux/files/home/arm-examples/blink/GCC_Project/output/exceptions.o
                0x0000000000001d20                DMIC_Voice_Det_Handler
 .text.ApPDMClkOn_Handler
                0x0000000000001d28        0x8 /data/data/com.termux/files/home/arm-examples/blink/GCC_Project/output/exceptions.o
                0x0000000000001d28                ApPDMClkOn_Handler
 .text.ApPDMClkOff_Handler
                0x0000000000001d30        0x8 /data/data/com.termux/files/home/arm-examples/blink/GCC_Project/output/exceptions.o
                0x0000000000001d30                ApPDMClkOff_Handler
 .text.Dmac0BlkDone_Handler
                0x0000000000001d38        0x8 /data/data/com.termux/files/home/arm-examples/blink/GCC_Project/output/exceptions.o
                0x0000000000001d38                Dmac0BlkDone_Handler
 .text.Dmac0BufDone_Handler
                0x0000000000001d40        0x8 /data/data/com.termux/files/home/arm-examples/blink/GCC_Project/output/exceptions.o
                0x0000000000001d40                Dmac0BufDone_Handler
 .text.Dmac1BlkDone_Handler
                0x0000000000001d48        0x8 /data/data/com.termux/files/home/arm-examples/blink/GCC_Project/output/exceptions.o
                0x0000000000001d48                Dmac1BlkDone_Handler
 .text.Dmac1BufDone_Handler
                0x0000000000001d50        0x8 /data/data/com.termux/files/home/arm-examples/blink/GCC_Project/output/exceptions.o
                0x0000000000001d50                Dmac1BufDone_Handler
 .text.Sdma0Done_Handler
                0x0000000000001d58        0x8 /data/data/com.termux/files/home/arm-examples/blink/GCC_Project/output/exceptions.o
                0x0000000000001d58                Sdma0Done_Handler
 .text.Sdma1Done_Handler
                0x0000000000001d60        0x8 /data/data/com.termux/files/home/arm-examples/blink/GCC_Project/output/exceptions.o
                0x0000000000001d60                Sdma1Done_Handler
 .text.Sdma2Done_Handler
                0x0000000000001d68        0x8 /data/data/com.termux/files/home/arm-examples/blink/GCC_Project/output/exceptions.o
                0x0000000000001d68                Sdma2Done_Handler
 .text.Sdma3Done_Handler
                0x0000000000001d70        0x8 /data/data/com.termux/files/home/arm-examples/blink/GCC_Project/output/exceptions.o
                0x0000000000001d70                Sdma3Done_Handler
 .text.Sdma4Done_Handler
                0x0000000000001d78        0x8 /data/data/com.termux/files/home/arm-examples/blink/GCC_Project/output/exceptions.o
                0x0000000000001d78                Sdma4Done_Handler
 .text.Sdma5Done_Handler
                0x0000000000001d80        0x8 /data/data/com.termux/files/home/arm-examples/blink/GCC_Project/output/exceptions.o
                0x0000000000001d80                Sdma5Done_Handler
 .text.Sdma6Done_Handler
                0x0000000000001d88        0x8 /data/data/com.termux/files/home/arm-examples/blink/GCC_Project/output/exceptions.o
                0x0000000000001d88                Sdma6Done_Handler
 .text.Sdma7Done_Handler
                0x0000000000001d90        0x8 /data/data/com.termux/files/home/arm-examples/blink/GCC_Project/output/exceptions.o
                0x0000000000001d90                Sdma7Done_Handler
 .text.Sdma8Done_Handler
                0x0000000000001d98        0x8 /data/data/com.termux/files/home/arm-examples/blink/GCC_Project/output/exceptions.o
                0x0000000000001d98                Sdma8Done_Handler
 .text.Sdma9Done_Handler
                0x0000000000001da0        0x8 /data/data/com.termux/files/home/arm-examples/blink/GCC_Project/output/exceptions.o
                0x0000000000001da0                Sdma9Done_Handler
 .text.Sdma10Done_Handler
                0x0000000000001da8        0x8 /data/data/com.termux/files/home/arm-examples/blink/GCC_Project/output/exceptions.o
                0x0000000000001da8                Sdma10Done_Handler
 .text.Sdma11Done_Handler
                0x0000000000001db0        0x8 /data/data/com.termux/files/home/arm-examples/blink/GCC_Project/output/exceptions.o
                0x0000000000001db0                Sdma11Done_Handler
 .text.SdmaErr_Handler
                0x0000000000001db8        0x8 /data/data/com.termux/files/home/arm-examples/blink/GCC_Project/output/exceptions.o
                0x0000000000001db8                SdmaErr_Handler
 .text.I2S_SlvM4TxOr_Handler
                0x0000000000001dc0        0x8 /data/data/com.termux/files/home/arm-examples/blink/GCC_Project/output/exceptions.o
                0x0000000000001dc0                I2S_SlvM4TxOr_Handler
 .text.SRAM_128KB_Handler
                0x0000000000001dc8        0x8 /data/data/com.termux/files/home/arm-examples/blink/GCC_Project/output/exceptions.o
                0x0000000000001dc8                SRAM_128KB_Handler
 .text.LPSD_Voice_Det_Handler
                0x0000000000001dd0        0x8 /data/data/com.termux/files/home/arm-examples/blink/GCC_Project/output/exceptions.o
                0x0000000000001dd0                LPSD_Voice_Det_Handler
 .text.FfeWdt_Handler
                0x0000000000001dd8        0x8 /data/data/com.termux/files/home/arm-examples/blink/GCC_Project/output/exceptions.o
                0x0000000000001dd8                FfeWdt_Handler
 .text.ApBoot_Handler
                0x0000000000001de0        0x8 /data/data/com.termux/files/home/arm-examples/blink/GCC_Project/output/exceptions.o
                0x0000000000001de0                ApBoot_Handler
 .text.SwInt2_Handler
                0x0000000000001de8        0x8 /data/data/com.termux/files/home/arm-examples/blink/GCC_Project/output/exceptions.o
                0x0000000000001de8                SwInt2_Handler
 .text.SwInt1_Handler
                0x0000000000001df0       0x24 /data/data/com.termux/files/home/arm-examples/blink/GCC_Project/output/exceptions.o
                0x0000000000001df0                SwInt1_Handler
 .text.Ffe0Msg_Handler
                0x0000000000001e14        0x8 /data/data/com.termux/files/home/arm-examples/blink/GCC_Project/output/exceptions.o
                0x0000000000001e14                Ffe0Msg_Handler
 .text.lpsdVoiceOffHandler
                0x0000000000001e1c        0x8 /data/data/com.termux/files/home/arm-examples/blink/GCC_Project/output/exceptions.o
                0x0000000000001e1c                lpsdVoiceOffHandler
 .text.dmicVoiceOffHandler
                0x0000000000001e24        0x8 /data/data/com.termux/files/home/arm-examples/blink/GCC_Project/output/exceptions.o
                0x0000000000001e24                dmicVoiceOffHandler
 .text.vApplicationMallocFailedHook
                0x0000000000001e2c       0x24 /data/data/com.termux/files/home/arm-examples/blink/GCC_Project/output/exceptions.o
                0x0000000000001e2c                vApplicationMallocFailedHook
 .text.vApplicationStackOverflowHook
                0x0000000000001e50       0x24 /data/data/com.termux/files/home/arm-examples/blink/GCC_Project/output/exceptions.o
                0x0000000000001e50                vApplicationStackOverflowHook
 .text.vApplicationTickHook
                0x0000000000001e74        0x2 /data/data/com.termux/files/home/arm-examples/blink/GCC_Project/output/exceptions.o
                0x0000000000001e74                vApplicationTickHook
 *fill*         0x0000000000001e76        0x2 
 .text.prvInsertBlockIntoFreeList
                0x0000000000001e78       0x74 /data/data/com.termux/files/home/arm-examples/blink/GCC_Project/output/heap_4.o
 .text.pvPortMalloc
                0x0000000000001eec      0x1a8 /data/data/com.termux/files/home/arm-examples/blink/GCC_Project/output/heap_4.o
                0x0000000000001eec                pvPortMalloc
 .text.vPortFree
                0x0000000000002094       0xa0 /data/data/com.termux/files/home/arm-examples/blink/GCC_Project/output/heap_4.o
                0x0000000000002094                vPortFree
 .text.vListInitialise
                0x0000000000002134       0x16 /data/data/com.termux/files/home/arm-examples/blink/GCC_Project/output/list.o
                0x0000000000002134                vListInitialise
 .text.vListInitialiseItem
                0x000000000000214a        0x6 /data/data/com.termux/files/home/arm-examples/blink/GCC_Project/output/list.o
                0x000000000000214a                vListInitialiseItem
 .text.vListInsertEnd
                0x0000000000002150       0x18 /data/data/com.termux/files/home/arm-examples/blink/GCC_Project/output/list.o
                0x0000000000002150                vListInsertEnd
 .text.vListInsert
                0x0000000000002168       0x2e /data/data/com.termux/files/home/arm-examples/blink/GCC_Project/output/list.o
                0x0000000000002168                vListInsert
 .text.uxListRemove
                0x0000000000002196       0x20 /data/data/com.termux/files/home/arm-examples/blink/GCC_Project/output/list.o
                0x0000000000002196                uxListRemove
 .text.SystemInit
                0x00000000000021b6        0x2 /data/data/com.termux/files/home/arm-examples/blink/GCC_Project/output/main.o
                0x00000000000021b6                SystemInit
 .text.PyHal_GPIO_Set
                0x00000000000021b8       0x30 /data/data/com.termux/files/home/arm-examples/blink/GCC_Project/output/main.o
                0x00000000000021b8                PyHal_GPIO_Set
 .text.startup.main
                0x00000000000021e8       0xe0 /data/data/com.termux/files/home/arm-examples/blink/GCC_Project/output/main.o
                0x00000000000021e8                main
 .text.set_gpio_input
                0x00000000000022c8       0x34 /data/data/com.termux/files/home/arm-examples/blink/GCC_Project/output/main_dbg_cli_menu.o
 .text.set_gpio_output
                0x00000000000022fc       0x64 /data/data/com.termux/files/home/arm-examples/blink/GCC_Project/output/main_dbg_cli_menu.o
 .text.get_gpio_value
                0x0000000000002360       0x50 /data/data/com.termux/files/home/arm-examples/blink/GCC_Project/output/main_dbg_cli_menu.o
 .text.prvTaskExitError
                0x00000000000023b0       0x50 /data/data/com.termux/files/home/arm-examples/blink/GCC_Project/output/port.o
 .text.pxPortInitialiseStack
                0x0000000000002400       0x2c /data/data/com.termux/files/home/arm-examples/blink/GCC_Project/output/port.o
                0x0000000000002400                pxPortInitialiseStack
 *fill*         0x000000000000242c        0x4 
 .text.SVC_Handler
                0x0000000000002430       0x24 /data/data/com.termux/files/home/arm-examples/blink/GCC_Project/output/port.o
                0x0000000000002430                SVC_Handler
 .text.vPortEnterCritical
                0x0000000000002454       0x58 /data/data/com.termux/files/home/arm-examples/blink/GCC_Project/output/port.o
                0x0000000000002454                vPortEnterCritical
 .text.vPortExitCritical
                0x00000000000024ac       0x3c /data/data/com.termux/files/home/arm-examples/blink/GCC_Project/output/port.o
                0x00000000000024ac                vPortExitCritical
 *fill*         0x00000000000024e8        0x8 
 .text.PendSV_Handler
                0x00000000000024f0       0x64 /data/data/com.termux/files/home/arm-examples/blink/GCC_Project/output/port.o
                0x00000000000024f0                PendSV_Handler
 .text.xPortSysTickHandler
                0x0000000000002554       0x2c /data/data/com.termux/files/home/arm-examples/blink/GCC_Project/output/port.o
                0x0000000000002554                xPortSysTickHandler
 .text.vPortValidateInterruptPriority
                0x0000000000002580       0x7c /data/data/com.termux/files/home/arm-examples/blink/GCC_Project/output/port.o
                0x0000000000002580                vPortValidateInterruptPriority
 .text.system_init
                0x00000000000025fc       0x6c /data/data/com.termux/files/home/arm-examples/blink/GCC_Project/output/qf_hardwaresetup.o
                0x00000000000025fc                system_init
 .text.qf_hardwareSetup
                0x0000000000002668       0x74 /data/data/com.termux/files/home/arm-examples/blink/GCC_Project/output/qf_hardwaresetup.o
                0x0000000000002668                qf_hardwareSetup
 .text.prvIsQueueEmpty
                0x00000000000026dc       0x16 /data/data/com.termux/files/home/arm-examples/blink/GCC_Project/output/queue.o
 .text.prvCopyDataToQueue
                0x00000000000026f2       0x78 /data/data/com.termux/files/home/arm-examples/blink/GCC_Project/output/queue.o
 .text.prvCopyDataFromQueue
                0x000000000000276a       0x2c /data/data/com.termux/files/home/arm-examples/blink/GCC_Project/output/queue.o
 .text.prvUnlockQueue
                0x0000000000002796       0x70 /data/data/com.termux/files/home/arm-examples/blink/GCC_Project/output/queue.o
 *fill*         0x0000000000002806        0x2 
 .text.xQueueGenericReset
                0x0000000000002808       0x90 /data/data/com.termux/files/home/arm-examples/blink/GCC_Project/output/queue.o
                0x0000000000002808                xQueueGenericReset
 .text.xQueueGenericCreate
                0x0000000000002898       0x74 /data/data/com.termux/files/home/arm-examples/blink/GCC_Project/output/queue.o
                0x0000000000002898                xQueueGenericCreate
 .text.xQueueGenericSend
                0x000000000000290c      0x19c /data/data/com.termux/files/home/arm-examples/blink/GCC_Project/output/queue.o
                0x000000000000290c                xQueueGenericSend
 .text.xQueueGenericSendFromISR
                0x0000000000002aa8       0xf0 /data/data/com.termux/files/home/arm-examples/blink/GCC_Project/output/queue.o
                0x0000000000002aa8                xQueueGenericSendFromISR
 .text.xQueueGenericSendFromISRDebug
                0x0000000000002b98       0x30 /data/data/com.termux/files/home/arm-examples/blink/GCC_Project/output/queue.o
                0x0000000000002b98                xQueueGenericSendFromISRDebug
 .text.xQueueGiveFromISR
                0x0000000000002bc8       0xdc /data/data/com.termux/files/home/arm-examples/blink/GCC_Project/output/queue.o
                0x0000000000002bc8                xQueueGiveFromISR
 .text.xQueueReceive
                0x0000000000002ca4      0x160 /data/data/com.termux/files/home/arm-examples/blink/GCC_Project/output/queue.o
                0x0000000000002ca4                xQueueReceive
 .text.xQueueSemaphoreTake
                0x0000000000002e04      0x1ac /data/data/com.termux/files/home/arm-examples/blink/GCC_Project/output/queue.o
                0x0000000000002e04                xQueueSemaphoreTake
 .text.xQueuePeek
                0x0000000000002fb0      0x160 /data/data/com.termux/files/home/arm-examples/blink/GCC_Project/output/queue.o
                0x0000000000002fb0                xQueuePeek
 .text.uxQueueMessagesWaiting
                0x0000000000003110       0x3c /data/data/com.termux/files/home/arm-examples/blink/GCC_Project/output/queue.o
                0x0000000000003110                uxQueueMessagesWaiting
 .text.vQueueAddToRegistry
                0x000000000000314c       0x24 /data/data/com.termux/files/home/arm-examples/blink/GCC_Project/output/queue.o
                0x000000000000314c                vQueueAddToRegistry
 .text.s3x_clkd_write_div
                0x0000000000003170       0xa8 /data/data/com.termux/files/home/arm-examples/blink/GCC_Project/output/s3x_clock.o
 .text.s3x_clkd_read_div
                0x0000000000003218       0x44 /data/data/com.termux/files/home/arm-examples/blink/GCC_Project/output/s3x_clock.o
 .text.s3x_clkd_cal_div
                0x000000000000325c       0x38 /data/data/com.termux/files/home/arm-examples/blink/GCC_Project/output/s3x_clock.o
 .text.S3x_Id_To_Domain
                0x0000000000003294       0x1c /data/data/com.termux/files/home/arm-examples/blink/GCC_Project/output/s3x_clock.o
                0x0000000000003294                S3x_Id_To_Domain
 .text.S3x_Clkd_Get_Cpu_Rate
                0x00000000000032b0        0xc /data/data/com.termux/files/home/arm-examples/blink/GCC_Project/output/s3x_clock.o
                0x00000000000032b0                S3x_Clkd_Get_Cpu_Rate
 .text.s3x_clkd_update_div_val
                0x00000000000032bc       0x42 /data/data/com.termux/files/home/arm-examples/blink/GCC_Project/output/s3x_clock.o
                0x00000000000032bc                s3x_clkd_update_div_val
 .text.s3x_clkd_update_fd_rate
                0x00000000000032fe        0xe /data/data/com.termux/files/home/arm-examples/blink/GCC_Project/output/s3x_clock.o
                0x00000000000032fe                s3x_clkd_update_fd_rate
 .text.s3x_clkd_update_sd_div
                0x000000000000330c       0x5c /data/data/com.termux/files/home/arm-examples/blink/GCC_Project/output/s3x_clock.o
 .text.s3x_clkd_update_all_src_div
                0x0000000000003368       0xd8 /data/data/com.termux/files/home/arm-examples/blink/GCC_Project/output/s3x_clock.o
                0x0000000000003368                s3x_clkd_update_all_src_div
 .text.S3x_Clkd_Get_Hsosc_Rate
                0x0000000000003440       0x30 /data/data/com.termux/files/home/arm-examples/blink/GCC_Project/output/s3x_clock.o
                0x0000000000003440                S3x_Clkd_Get_Hsosc_Rate
 .text.S3x_Clkd_Change_Hsosc
                0x0000000000003470       0x70 /data/data/com.termux/files/home/arm-examples/blink/GCC_Project/output/s3x_clock.o
                0x0000000000003470                S3x_Clkd_Change_Hsosc
 .text.s3x_clkd_get_src_rate
                0x00000000000034e0       0x12 /data/data/com.termux/files/home/arm-examples/blink/GCC_Project/output/s3x_clock.o
                0x00000000000034e0                s3x_clkd_get_src_rate
 *fill*         0x00000000000034f2        0x2 
 .text.s3x_clkd_get_div
                0x00000000000034f4       0x60 /data/data/com.termux/files/home/arm-examples/blink/GCC_Project/output/s3x_clock.o
                0x00000000000034f4                s3x_clkd_get_div
 .text.s3x_clkd_srate
                0x0000000000003554      0x134 /data/data/com.termux/files/home/arm-examples/blink/GCC_Project/output/s3x_clock.o
 .text.s3x_clkd_grate
                0x0000000000003688       0x68 /data/data/com.termux/files/home/arm-examples/blink/GCC_Project/output/s3x_clock.o
 .text.s3x_clkd_set_src_div_st.isra.0
                0x00000000000036f0       0x4a /data/data/com.termux/files/home/arm-examples/blink/GCC_Project/output/s3x_clock.o
 *fill*         0x000000000000373a        0x2 
 .text.s3x_update_clk_rate
                0x000000000000373c       0xb0 /data/data/com.termux/files/home/arm-examples/blink/GCC_Project/output/s3x_clock.o
                0x000000000000373c                s3x_update_clk_rate
 .text.s3x_clkd_get_gate_mask_st
                0x00000000000037ec       0x16 /data/data/com.termux/files/home/arm-examples/blink/GCC_Project/output/s3x_clock.o
                0x00000000000037ec                s3x_clkd_get_gate_mask_st
 *fill*         0x0000000000003802        0x2 
 .text.s3x_clkd_set_gate_mask
                0x0000000000003804       0x50 /data/data/com.termux/files/home/arm-examples/blink/GCC_Project/output/s3x_clock.o
                0x0000000000003804                s3x_clkd_set_gate_mask
 .text.s3x_clkd_enable_gate
                0x0000000000003854       0x68 /data/data/com.termux/files/home/arm-examples/blink/GCC_Project/output/s3x_clock.o
 .text.s3x_clkd_disable_gate
                0x00000000000038bc       0x54 /data/data/com.termux/files/home/arm-examples/blink/GCC_Project/output/s3x_clock.o
 .text._S3x_Clk_Enable
                0x0000000000003910       0xb8 /data/data/com.termux/files/home/arm-examples/blink/GCC_Project/output/s3x_clock.o
                0x0000000000003910                _S3x_Clk_Enable
 .text._S3x_Clk_Disable
                0x00000000000039c8       0xcc /data/data/com.termux/files/home/arm-examples/blink/GCC_Project/output/s3x_clock.o
                0x00000000000039c8                _S3x_Clk_Disable
 .text._S3x_Clk_Get_Status
                0x0000000000003a94       0x2c /data/data/com.termux/files/home/arm-examples/blink/GCC_Project/output/s3x_clock.o
                0x0000000000003a94                _S3x_Clk_Get_Status
 .text._S3x_Clk_Get_Rate
                0x0000000000003ac0       0x28 /data/data/com.termux/files/home/arm-examples/blink/GCC_Project/output/s3x_clock.o
                0x0000000000003ac0                _S3x_Clk_Get_Rate
 .text.S3x_Clk_Init
                0x0000000000003ae8      0x160 /data/data/com.termux/files/home/arm-examples/blink/GCC_Project/output/s3x_clock.o
                0x0000000000003ae8                S3x_Clk_Init
 .text.S3x_Clk_Enable
                0x0000000000003c48        0x4 /data/data/com.termux/files/home/arm-examples/blink/GCC_Project/output/s3x_clock_hal.o
                0x0000000000003c48                S3x_Clk_Enable
 .text.S3x_Clk_Disable
                0x0000000000003c4c        0x4 /data/data/com.termux/files/home/arm-examples/blink/GCC_Project/output/s3x_clock_hal.o
                0x0000000000003c4c                S3x_Clk_Disable
 .text.S3x_Clk_Get_Rate
                0x0000000000003c50        0x4 /data/data/com.termux/files/home/arm-examples/blink/GCC_Project/output/s3x_clock_hal.o
                0x0000000000003c50                S3x_Clk_Get_Rate
 .text.DFS_cpuload
                0x0000000000003c54       0x4c /data/data/com.termux/files/home/arm-examples/blink/GCC_Project/output/s3x_cpuload.o
                0x0000000000003c54                DFS_cpuload
 .text.DFS_resetsleepticks
                0x0000000000003ca0        0xc /data/data/com.termux/files/home/arm-examples/blink/GCC_Project/output/s3x_cpuload.o
                0x0000000000003ca0                DFS_resetsleepticks
 .text.DFS_UpdateTimer
                0x0000000000003cac       0x5c /data/data/com.termux/files/home/arm-examples/blink/GCC_Project/output/s3x_dfs.o
 .text.DFS_StartTimer
                0x0000000000003d08       0x88 /data/data/com.termux/files/home/arm-examples/blink/GCC_Project/output/s3x_dfs.o
                0x0000000000003d08                DFS_StartTimer
 .text.S3x_Set_Policy
                0x0000000000003d90      0x108 /data/data/com.termux/files/home/arm-examples/blink/GCC_Project/output/s3x_dfs.o
                0x0000000000003d90                S3x_Set_Policy
 .text.S3x_get_max_rate_dfs_node
                0x0000000000003e98       0x28 /data/data/com.termux/files/home/arm-examples/blink/GCC_Project/output/s3x_dfs.o
                0x0000000000003e98                S3x_get_max_rate_dfs_node
 .text.S3x_Stepup_Policy
                0x0000000000003ec0       0x7c /data/data/com.termux/files/home/arm-examples/blink/GCC_Project/output/s3x_dfs.o
 .text.DFS_TimerCB
                0x0000000000003f3c        0xe /data/data/com.termux/files/home/arm-examples/blink/GCC_Project/output/s3x_dfs.o
 *fill*         0x0000000000003f4a        0x2 
 .text.DFS_Get_Curr_Policy
                0x0000000000003f4c        0xc /data/data/com.termux/files/home/arm-examples/blink/GCC_Project/output/s3x_dfs.o
                0x0000000000003f4c                DFS_Get_Curr_Policy
 .text.DFS_Initialize
                0x0000000000003f58       0x14 /data/data/com.termux/files/home/arm-examples/blink/GCC_Project/output/s3x_dfs.o
                0x0000000000003f58                DFS_Initialize
 .text.S3x_Register_Lpm_Cb
                0x0000000000003f6c       0x40 /data/data/com.termux/files/home/arm-examples/blink/GCC_Project/output/s3x_lpm.o
                0x0000000000003f6c                S3x_Register_Lpm_Cb
 .text.s3x_setup_systick_interrupt
                0x0000000000003fac       0x4a /data/data/com.termux/files/home/arm-examples/blink/GCC_Project/output/s3x_lpm.o
                0x0000000000003fac                s3x_setup_systick_interrupt
 .text.SysTick_Handler
                0x0000000000003ff6       0x12 /data/data/com.termux/files/home/arm-examples/blink/GCC_Project/output/s3x_lpm.o
                0x0000000000003ff6                SysTick_Handler
 .text.s3x_get_pi
                0x0000000000004008       0x20 /data/data/com.termux/files/home/arm-examples/blink/GCC_Project/output/s3x_pi.o
                0x0000000000004008                s3x_get_pi
 .text.s3x_get_pi_gindex
                0x0000000000004028       0x14 /data/data/com.termux/files/home/arm-examples/blink/GCC_Project/output/s3x_pi.o
                0x0000000000004028                s3x_get_pi_gindex
 .text.s3x_pi_get_st
                0x000000000000403c       0x22 /data/data/com.termux/files/home/arm-examples/blink/GCC_Project/output/s3x_pi.o
                0x000000000000403c                s3x_pi_get_st
 *fill*         0x000000000000405e        0x2 
 .text.s3x_pi_set_cfg_st
                0x0000000000004060       0x8c /data/data/com.termux/files/home/arm-examples/blink/GCC_Project/output/s3x_pi.o
                0x0000000000004060                s3x_pi_set_cfg_st
 .text.s3x_pi_set_active_st
                0x00000000000040ec       0x9c /data/data/com.termux/files/home/arm-examples/blink/GCC_Project/output/s3x_pi.o
                0x00000000000040ec                s3x_pi_set_active_st
 .text.s3x_pi_get_clkg_st
                0x0000000000004188       0x36 /data/data/com.termux/files/home/arm-examples/blink/GCC_Project/output/s3x_pi.o
                0x0000000000004188                s3x_pi_get_clkg_st
 .text.s3x_pi_set_clkg_st
                0x00000000000041be       0x26 /data/data/com.termux/files/home/arm-examples/blink/GCC_Project/output/s3x_pi.o
                0x00000000000041be                s3x_pi_set_clkg_st
 .text.s3x_set_pi_state
                0x00000000000041e4        0xc /data/data/com.termux/files/home/arm-examples/blink/GCC_Project/output/s3x_pi.o
                0x00000000000041e4                s3x_set_pi_state
 .text.s3x_get_pi_init_state
                0x00000000000041f0       0x18 /data/data/com.termux/files/home/arm-examples/blink/GCC_Project/output/s3x_pi.o
                0x00000000000041f0                s3x_get_pi_init_state
 .text.S3x_pi_init
                0x0000000000004208       0x24 /data/data/com.termux/files/home/arm-examples/blink/GCC_Project/output/s3x_pi.o
                0x0000000000004208                S3x_pi_init
 .text.S3x_pwrcfg_init
                0x000000000000422c       0x2c /data/data/com.termux/files/home/arm-examples/blink/GCC_Project/output/s3x_pwrcfg.o
                0x000000000000422c                S3x_pwrcfg_init
 .text.S3x_get_qos_rate
                0x0000000000004258       0x38 /data/data/com.termux/files/home/arm-examples/blink/GCC_Project/output/s3x_qos.o
                0x0000000000004258                S3x_get_qos_rate
 .text.save_assert_info
                0x0000000000004290       0x74 /data/data/com.termux/files/home/arm-examples/blink/GCC_Project/output/sec_debug.o
                0x0000000000004290                save_assert_info
 .text.invoke_soft_fault
                0x0000000000004304       0x20 /data/data/com.termux/files/home/arm-examples/blink/GCC_Project/output/sec_debug.o
                0x0000000000004304                invoke_soft_fault
 .text.Reset_Handler
                0x0000000000004324       0x30 /data/data/com.termux/files/home/arm-examples/blink/GCC_Project/output/startup_EOSS3B_GCC.o
                0x0000000000004324                Reset_Handler
 .text.__semihost_call
                0x0000000000004354        0x6 /data/data/com.termux/files/home/arm-examples/blink/GCC_Project/output/startup_EOSS3B_GCC.o
                0x0000000000004354                __semihost_call
 *fill*         0x000000000000435a        0x2 
 .text.prvAddCurrentTaskToDelayedList
                0x000000000000435c       0x88 /data/data/com.termux/files/home/arm-examples/blink/GCC_Project/output/tasks.o
 .text.prvResetNextTaskUnblockTime
                0x00000000000043e4       0x24 /data/data/com.termux/files/home/arm-examples/blink/GCC_Project/output/tasks.o
 .text.xTaskCreate
                0x0000000000004408      0x1dc /data/data/com.termux/files/home/arm-examples/blink/GCC_Project/output/tasks.o
                0x0000000000004408                xTaskCreate
 .text.vTaskSuspendAll
                0x00000000000045e4       0x10 /data/data/com.termux/files/home/arm-examples/blink/GCC_Project/output/tasks.o
                0x00000000000045e4                vTaskSuspendAll
 .text.xTaskGetTickCount
                0x00000000000045f4        0xc /data/data/com.termux/files/home/arm-examples/blink/GCC_Project/output/tasks.o
                0x00000000000045f4                xTaskGetTickCount
 .text.xTaskIncrementTick
                0x0000000000004600      0x14c /data/data/com.termux/files/home/arm-examples/blink/GCC_Project/output/tasks.o
                0x0000000000004600                xTaskIncrementTick
 .text.xTaskResumeAll
                0x000000000000474c      0x100 /data/data/com.termux/files/home/arm-examples/blink/GCC_Project/output/tasks.o
                0x000000000000474c                xTaskResumeAll
 .text.vTaskDelay
                0x000000000000484c       0x60 /data/data/com.termux/files/home/arm-examples/blink/GCC_Project/output/tasks.o
                0x000000000000484c                vTaskDelay
 .text.vTaskSwitchContext
                0x00000000000048ac       0xb8 /data/data/com.termux/files/home/arm-examples/blink/GCC_Project/output/tasks.o
                0x00000000000048ac                vTaskSwitchContext
 .text.vTaskPlaceOnEventList
                0x0000000000004964       0x48 /data/data/com.termux/files/home/arm-examples/blink/GCC_Project/output/tasks.o
                0x0000000000004964                vTaskPlaceOnEventList
 .text.xTaskRemoveFromEventList
                0x00000000000049ac       0x9c /data/data/com.termux/files/home/arm-examples/blink/GCC_Project/output/tasks.o
                0x00000000000049ac                xTaskRemoveFromEventList
 .text.vTaskInternalSetTimeOutState
                0x0000000000004a48       0x18 /data/data/com.termux/files/home/arm-examples/blink/GCC_Project/output/tasks.o
                0x0000000000004a48                vTaskInternalSetTimeOutState
 .text.xTaskCheckForTimeOut
                0x0000000000004a60       0x94 /data/data/com.termux/files/home/arm-examples/blink/GCC_Project/output/tasks.o
                0x0000000000004a60                xTaskCheckForTimeOut
 .text.vTaskMissedYield
                0x0000000000004af4        0xc /data/data/com.termux/files/home/arm-examples/blink/GCC_Project/output/tasks.o
                0x0000000000004af4                vTaskMissedYield
 .text.uxTaskGetTCBNumber
                0x0000000000004b00       0x14 /data/data/com.termux/files/home/arm-examples/blink/GCC_Project/output/tasks.o
                0x0000000000004b00                uxTaskGetTCBNumber
 .text.xTaskGetCurrentTaskHandle
                0x0000000000004b14        0xc /data/data/com.termux/files/home/arm-examples/blink/GCC_Project/output/tasks.o
                0x0000000000004b14                xTaskGetCurrentTaskHandle
 .text.xTaskGetSchedulerState
                0x0000000000004b20       0x20 /data/data/com.termux/files/home/arm-examples/blink/GCC_Project/output/tasks.o
                0x0000000000004b20                xTaskGetSchedulerState
 .text.xTaskPriorityInherit
                0x0000000000004b40       0xa4 /data/data/com.termux/files/home/arm-examples/blink/GCC_Project/output/tasks.o
                0x0000000000004b40                xTaskPriorityInherit
 .text.xTaskPriorityDisinherit
                0x0000000000004be4       0xc4 /data/data/com.termux/files/home/arm-examples/blink/GCC_Project/output/tasks.o
                0x0000000000004be4                xTaskPriorityDisinherit
 .text.vTaskPriorityDisinheritAfterTimeout
                0x0000000000004ca8       0xd8 /data/data/com.termux/files/home/arm-examples/blink/GCC_Project/output/tasks.o
                0x0000000000004ca8                vTaskPriorityDisinheritAfterTimeout
 .text.pvTaskIncrementMutexHeldCount
                0x0000000000004d80       0x18 /data/data/com.termux/files/home/arm-examples/blink/GCC_Project/output/tasks.o
                0x0000000000004d80                pvTaskIncrementMutexHeldCount
 .text.prvCheckForValidListAndQueue
                0x0000000000004d98       0x58 /data/data/com.termux/files/home/arm-examples/blink/GCC_Project/output/timers.o
 .text.xTimerCreate
                0x0000000000004df0       0x58 /data/data/com.termux/files/home/arm-examples/blink/GCC_Project/output/timers.o
                0x0000000000004df0                xTimerCreate
 .text.xTimerGenericCommand
                0x0000000000004e48       0x70 /data/data/com.termux/files/home/arm-examples/blink/GCC_Project/output/timers.o
                0x0000000000004e48                xTimerGenericCommand
 .text          0x0000000000004eb8       0x30 /usr/lib/gcc/arm-none-eabi/10.3.1/thumb/v7e-m+fp/hard/libgcc.a(_aeabi_uldivmod.o)
                0x0000000000004eb8                __aeabi_uldivmod
 .text          0x0000000000004ee8      0x2d0 /usr/lib/gcc/arm-none-eabi/10.3.1/thumb/v7e-m+fp/hard/libgcc.a(_udivmoddi4.o)
                0x0000000000004ee8                __udivmoddi4
 .text          0x00000000000051b8        0x4 /usr/lib/gcc/arm-none-eabi/10.3.1/thumb/v7e-m+fp/hard/libgcc.a(_dvmd_tls.o)
                0x00000000000051b8                __aeabi_ldiv0
                0x00000000000051b8                __aeabi_idiv0
 .text          0x00000000000051bc        0xc /usr/lib/gcc/arm-none-eabi/10.3.1/../../../arm-none-eabi/lib/thumb/v7e-m+fp/hard/libg_nano.a(lib_a-atexit.o)
                0x00000000000051bc                atexit
 .text          0x00000000000051c8       0x28 /usr/lib/gcc/arm-none-eabi/10.3.1/../../../arm-none-eabi/lib/thumb/v7e-m+fp/hard/libg_nano.a(lib_a-exit.o)
                0x00000000000051c8                exit
 .text          0x00000000000051f0       0x2c /usr/lib/gcc/arm-none-eabi/10.3.1/../../../arm-none-eabi/lib/thumb/v7e-m+fp/hard/libg_nano.a(lib_a-fini.o)
                0x00000000000051f0                __libc_fini_array
 .text          0x000000000000521c       0x48 /usr/lib/gcc/arm-none-eabi/10.3.1/../../../arm-none-eabi/lib/thumb/v7e-m+fp/hard/libg_nano.a(lib_a-init.o)
                0x000000000000521c                __libc_init_array
 .text          0x0000000000005264       0x20 /usr/lib/gcc/arm-none-eabi/10.3.1/../../../arm-none-eabi/lib/thumb/v7e-m+fp/hard/libg_nano.a(lib_a-malloc.o)
                0x0000000000005264                malloc
                0x0000000000005274                free
 .text          0x0000000000005284      0x134 /usr/lib/gcc/arm-none-eabi/10.3.1/../../../arm-none-eabi/lib/thumb/v7e-m+fp/hard/libg_nano.a(lib_a-memcpy.o)
                0x0000000000005284                memcpy
 .text          0x00000000000053b8       0xf8 /usr/lib/gcc/arm-none-eabi/10.3.1/../../../arm-none-eabi/lib/thumb/v7e-m+fp/hard/libg_nano.a(lib_a-memmove.o)
                0x00000000000053b8                memmove
 .text          0x00000000000054b0       0xa4 /usr/lib/gcc/arm-none-eabi/10.3.1/../../../arm-none-eabi/lib/thumb/v7e-m+fp/hard/libg_nano.a(lib_a-memset.o)
                0x00000000000054b0                memset
 .text          0x0000000000005554       0xc4 /usr/lib/gcc/arm-none-eabi/10.3.1/../../../arm-none-eabi/lib/thumb/v7e-m+fp/hard/libg_nano.a(lib_a-nano-freer.o)
                0x0000000000005554                _free_r
 .text          0x0000000000005618       0xb4 /usr/lib/gcc/arm-none-eabi/10.3.1/../../../arm-none-eabi/lib/thumb/v7e-m+fp/hard/libg_nano.a(lib_a-nano-mallocr.o)
                0x0000000000005618                _malloc_r
 .text          0x00000000000056cc       0x60 /usr/lib/gcc/arm-none-eabi/10.3.1/../../../arm-none-eabi/lib/thumb/v7e-m+fp/hard/libg_nano.a(lib_a-printf.o)
                0x00000000000056cc                _printf_r
                0x00000000000056cc                _iprintf_r
                0x00000000000056f8                printf
                0x00000000000056f8                iprintf
 .text          0x000000000000572c       0xec /usr/lib/gcc/arm-none-eabi/10.3.1/../../../arm-none-eabi/lib/thumb/v7e-m+fp/hard/libg_nano.a(lib_a-puts.o)
                0x000000000000572c                _puts_r
                0x0000000000005808                puts
 .text          0x0000000000005818       0x24 /usr/lib/gcc/arm-none-eabi/10.3.1/../../../arm-none-eabi/lib/thumb/v7e-m+fp/hard/libg_nano.a(lib_a-sbrkr.o)
                0x0000000000005818                _sbrk_r
 .text          0x000000000000583c       0x1c /usr/lib/gcc/arm-none-eabi/10.3.1/../../../arm-none-eabi/lib/thumb/v7e-m+fp/hard/libg_nano.a(lib_a-setjmp.o)
                0x000000000000583c                setjmp
                0x0000000000005848                longjmp
 .text          0x0000000000005858      0x108 /usr/lib/gcc/arm-none-eabi/10.3.1/../../../arm-none-eabi/lib/thumb/v7e-m+fp/hard/libg_nano.a(lib_a-snprintf.o)
                0x0000000000005858                _sniprintf_r
                0x0000000000005858                _snprintf_r
                0x00000000000058d8                snprintf
                0x00000000000058d8                sniprintf
 .text          0x0000000000005960       0x78 /usr/lib/gcc/arm-none-eabi/10.3.1/../../../arm-none-eabi/lib/thumb/v7e-m+fp/hard/libg_nano.a(lib_a-sprintf.o)
                0x0000000000005960                _siprintf_r
                0x0000000000005960                _sprintf_r
                0x0000000000005998                sprintf
                0x0000000000005998                siprintf
 .text          0x00000000000059d8       0xcc /usr/lib/gcc/arm-none-eabi/10.3.1/../../../arm-none-eabi/lib/thumb/v7e-m+fp/hard/libg_nano.a(lib_a-strchr.o)
                0x00000000000059d8                strchr
 *fill*         0x0000000000005aa4       0x1c 
 .text          0x0000000000005ac0      0x2dc /usr/lib/gcc/arm-none-eabi/10.3.1/../../../arm-none-eabi/lib/thumb/v7e-m+fp/hard/libg_nano.a(lib_a-strcmp.o)
                0x0000000000005ac8                strcmp
 .text          0x0000000000005d9c       0xbc /usr/lib/gcc/arm-none-eabi/10.3.1/../../../arm-none-eabi/lib/thumb/v7e-m+fp/hard/libg_nano.a(lib_a-strcpy.o)
                0x0000000000005d9c                strcpy
 *fill*         0x0000000000005e58       0x28 
 .text          0x0000000000005e80       0xdc /usr/lib/gcc/arm-none-eabi/10.3.1/../../../arm-none-eabi/lib/thumb/v7e-m+fp/hard/libg_nano.a(lib_a-strlen.o)
                0x0000000000005e80                strlen
 .text          0x0000000000005f5c       0x64 /usr/lib/gcc/arm-none-eabi/10.3.1/../../../arm-none-eabi/lib/thumb/v7e-m+fp/hard/libg_nano.a(lib_a-strncpy.o)
                0x0000000000005f5c                strncpy
 .text          0x0000000000005fc0       0x24 /usr/lib/gcc/arm-none-eabi/10.3.1/../../../arm-none-eabi/lib/thumb/v7e-m+fp/hard/libg_nano.a(lib_a-strrchr.o)
                0x0000000000005fc0                strrchr
 .text          0x0000000000005fe4       0x6c /usr/lib/gcc/arm-none-eabi/10.3.1/../../../arm-none-eabi/lib/thumb/v7e-m+fp/hard/libg_nano.a(lib_a-strtok_r.o)
                0x0000000000005fe4                __strtok_r
                0x0000000000006048                strtok_r
 .text          0x0000000000006050      0x1a4 /usr/lib/gcc/arm-none-eabi/10.3.1/../../../arm-none-eabi/lib/thumb/v7e-m+fp/hard/libg_nano.a(lib_a-strtoll.o)
                0x00000000000061c0                _strtoll_r
                0x00000000000061c4                strtoll_l
                0x00000000000061dc                strtoll
 .text          0x00000000000061f4      0x1d0 /usr/lib/gcc/arm-none-eabi/10.3.1/../../../arm-none-eabi/lib/thumb/v7e-m+fp/hard/libg_nano.a(lib_a-strtoull.o)
                0x0000000000006390                _strtoull_r
                0x0000000000006394                strtoull_l
                0x00000000000063ac                strtoull
 .text          0x00000000000063c4       0xe0 /usr/lib/gcc/arm-none-eabi/10.3.1/../../../arm-none-eabi/lib/thumb/v7e-m+fp/hard/libg_nano.a(lib_a-vsnprintf.o)
                0x00000000000063c4                vsnprintf
                0x00000000000063c4                vsniprintf
                0x0000000000006434                _vsnprintf_r
                0x0000000000006434                _vsniprintf_r
 .text          0x00000000000064a4       0xc8 /usr/lib/gcc/arm-none-eabi/10.3.1/../../../arm-none-eabi/lib/thumb/v7e-m+fp/hard/libg_nano.a(lib_a-wbuf.o)
                0x00000000000064a4                __swbuf_r
                0x0000000000006554                __swbuf
 .text          0x000000000000656c      0x104 /usr/lib/gcc/arm-none-eabi/10.3.1/../../../arm-none-eabi/lib/thumb/v7e-m+fp/hard/libg_nano.a(lib_a-wsetup.o)
                0x000000000000656c                __swsetup_r
 .text          0x0000000000006670       0xac /usr/lib/gcc/arm-none-eabi/10.3.1/../../../arm-none-eabi/lib/thumb/v7e-m+fp/hard/libg_nano.a(lib_a-__atexit.o)
                0x0000000000006670                __register_exitproc
 .text          0x000000000000671c       0xc8 /usr/lib/gcc/arm-none-eabi/10.3.1/../../../arm-none-eabi/lib/thumb/v7e-m+fp/hard/libg_nano.a(lib_a-__call_atexit.o)
                0x000000000000671c                __call_exitprocs
 .text          0x00000000000067e4      0x1e8 /usr/lib/gcc/arm-none-eabi/10.3.1/../../../arm-none-eabi/lib/thumb/v7e-m+fp/hard/libg_nano.a(lib_a-fflush.o)
                0x00000000000067e4                __sflush_r
                0x00000000000068f8                _fflush_r
                0x000000000000694c                fflush
 .text          0x00000000000069cc      0x238 /usr/lib/gcc/arm-none-eabi/10.3.1/../../../arm-none-eabi/lib/thumb/v7e-m+fp/hard/libg_nano.a(lib_a-findfp.o)
                0x00000000000069d0                _cleanup_r
                0x00000000000069e0                __sfmoreglue
                0x0000000000006a10                __sfp
                0x0000000000006bb0                _cleanup
                0x0000000000006bc4                __sinit
                0x0000000000006bcc                __sfp_lock_acquire
                0x0000000000006bd0                __sfp_lock_release
                0x0000000000006bd4                __sinit_lock_acquire
                0x0000000000006bd8                __sinit_lock_release
                0x0000000000006bdc                __fp_lock_all
                0x0000000000006bf0                __fp_unlock_all
 .text          0x0000000000006c04       0x88 /usr/lib/gcc/arm-none-eabi/10.3.1/../../../arm-none-eabi/lib/thumb/v7e-m+fp/hard/libg_nano.a(lib_a-fwalk.o)
                0x0000000000006c04                _fwalk
                0x0000000000006c44                _fwalk_reent
 .text          0x0000000000006c8c      0x11c /usr/lib/gcc/arm-none-eabi/10.3.1/../../../arm-none-eabi/lib/thumb/v7e-m+fp/hard/libg_nano.a(lib_a-makebuf.o)
                0x0000000000006c8c                __smakebuf_r
                0x0000000000006d4c                __swhatbuf_r
 .text          0x0000000000006da8        0x8 /usr/lib/gcc/arm-none-eabi/10.3.1/../../../arm-none-eabi/lib/thumb/v7e-m+fp/hard/libg_nano.a(lib_a-mlock.o)
                0x0000000000006da8                __malloc_lock
                0x0000000000006dac                __malloc_unlock
 .text          0x0000000000006db0      0x3f0 /usr/lib/gcc/arm-none-eabi/10.3.1/../../../arm-none-eabi/lib/thumb/v7e-m+fp/hard/libg_nano.a(lib_a-nano-svfprintf.o)
                0x0000000000006db0                __ssputs_r
                0x0000000000006e74                __ssprint_r
                0x0000000000006f6c                _svfprintf_r
                0x0000000000006f6c                _svfiprintf_r
 .text          0x00000000000071a0      0x328 /usr/lib/gcc/arm-none-eabi/10.3.1/../../../arm-none-eabi/lib/thumb/v7e-m+fp/hard/libg_nano.a(lib_a-nano-vfprintf.o)
                0x00000000000071dc                __sfputs_r
                0x000000000000720c                __sprint_r
                0x0000000000007228                _vfiprintf_r
                0x0000000000007228                _vfprintf_r
                0x00000000000074ac                vfiprintf
                0x00000000000074ac                vfprintf
 .text          0x00000000000074c8      0x3dc /usr/lib/gcc/arm-none-eabi/10.3.1/../../../arm-none-eabi/lib/thumb/v7e-m+fp/hard/libg_nano.a(lib_a-nano-vfprintf_i.o)
                0x00000000000074c8                _printf_common
                0x00000000000075f4                _printf_i
 .text          0x00000000000078a4       0x90 /usr/lib/gcc/arm-none-eabi/10.3.1/../../../arm-none-eabi/lib/thumb/v7e-m+fp/hard/libg_nano.a(lib_a-stdio.o)
                0x00000000000078a4                __sread
                0x00000000000078c8                __seofread
                0x00000000000078cc                __swrite
                0x000000000000790c                __sseek
                0x000000000000792c                __sclose
 .text          0x0000000000007934       0x2c /usr/lib/gcc/arm-none-eabi/10.3.1/../../../arm-none-eabi/lib/thumb/v7e-m+fp/hard/libg_nano.a(lib_a-writer.o)
                0x0000000000007934                _write_r
 .text          0x0000000000007960       0x24 /usr/lib/gcc/arm-none-eabi/10.3.1/../../../arm-none-eabi/lib/thumb/v7e-m+fp/hard/libg_nano.a(lib_a-closer.o)
                0x0000000000007960                _close_r
 .text          0x0000000000007984       0x2c /usr/lib/gcc/arm-none-eabi/10.3.1/../../../arm-none-eabi/lib/thumb/v7e-m+fp/hard/libg_nano.a(lib_a-fstatr.o)
                0x0000000000007984                _fstat_r
 .text          0x00000000000079b0      0x2f0 /usr/lib/gcc/arm-none-eabi/10.3.1/../../../arm-none-eabi/lib/thumb/v7e-m+fp/hard/libg_nano.a(lib_a-fvwrite.o)
                0x00000000000079b0                __sfvwrite_r
 .text          0x0000000000007ca0       0x24 /usr/lib/gcc/arm-none-eabi/10.3.1/../../../arm-none-eabi/lib/thumb/v7e-m+fp/hard/libg_nano.a(lib_a-isattyr.o)
                0x0000000000007ca0                _isatty_r
 .text          0x0000000000007cc4       0x2c /usr/lib/gcc/arm-none-eabi/10.3.1/../../../arm-none-eabi/lib/thumb/v7e-m+fp/hard/libg_nano.a(lib_a-lseekr.o)
                0x0000000000007cc4                _lseek_r
 .text          0x0000000000007cf0       0xa0 /usr/lib/gcc/arm-none-eabi/10.3.1/../../../arm-none-eabi/lib/thumb/v7e-m+fp/hard/libg_nano.a(lib_a-memchr.o)
                0x0000000000007cf0                memchr
 .text          0x0000000000007d90       0x50 /usr/lib/gcc/arm-none-eabi/10.3.1/../../../arm-none-eabi/lib/thumb/v7e-m+fp/hard/libg_nano.a(lib_a-nano-reallocr.o)
                0x0000000000007d90                _realloc_r
 .text          0x0000000000007de0       0x2c /usr/lib/gcc/arm-none-eabi/10.3.1/../../../arm-none-eabi/lib/thumb/v7e-m+fp/hard/libg_nano.a(lib_a-readr.o)
                0x0000000000007de0                _read_r
 .text          0x0000000000007e0c       0x14 /usr/lib/gcc/arm-none-eabi/10.3.1/../../../arm-none-eabi/lib/thumb/v7e-m+fp/hard/libg_nano.a(lib_a-nano-msizer.o)
                0x0000000000007e0c                _malloc_usable_size_r
 .text          0x0000000000007e20       0x10 /usr/lib/gcc/arm-none-eabi/10.3.1/../../../arm-none-eabi/lib/thumb/v7e-m+fp/hard/libnosys.a(fstat.o)
                0x0000000000007e20                _fstat
 .text          0x0000000000007e30       0x10 /usr/lib/gcc/arm-none-eabi/10.3.1/../../../arm-none-eabi/lib/thumb/v7e-m+fp/hard/libnosys.a(isatty.o)
                0x0000000000007e30                _isatty
 .text          0x0000000000007e40       0x1c /usr/lib/gcc/arm-none-eabi/10.3.1/../../../arm-none-eabi/lib/thumb/v7e-m+fp/hard/libnosys.a(sbrk.o)
                0x0000000000007e40                _sbrk
 .text          0x0000000000007e5c        0x4 /usr/lib/gcc/arm-none-eabi/10.3.1/../../../arm-none-eabi/lib/thumb/v7e-m+fp/hard/libnosys.a(_exit.o)
                0x0000000000007e5c                _exit
 *(.init)
 .init          0x0000000000007e60        0x4 /usr/lib/gcc/arm-none-eabi/10.3.1/thumb/v7e-m+fp/hard/crti.o
                0x0000000000007e60                _init
 .init          0x0000000000007e64        0x8 /usr/lib/gcc/arm-none-eabi/10.3.1/thumb/v7e-m+fp/hard/crtn.o
 *(.fini)
 .fini          0x0000000000007e6c        0x4 /usr/lib/gcc/arm-none-eabi/10.3.1/thumb/v7e-m+fp/hard/crti.o
                0x0000000000007e6c                _fini
 .fini          0x0000000000007e70        0x8 /usr/lib/gcc/arm-none-eabi/10.3.1/thumb/v7e-m+fp/hard/crtn.o
 *crtbegin.o(.ctors)
 *crtbegin?.o(.ctors)
 *(EXCLUDE_FILE(*crtend.o *crtend?.o) .ctors)
 *(SORT_BY_NAME(.ctors.*))
 *(.ctors)
 *crtbegin.o(.dtors)
 *crtbegin?.o(.dtors)
 *(EXCLUDE_FILE(*crtend.o *crtend?.o) .dtors)
 *(SORT_BY_NAME(.dtors.*))
 *(.dtors)
 *(.rodata*)
 .rodata.CLI_string_ptr_get_subcmd.str1.1
                0x0000000000007e78        0xc /data/data/com.termux/files/home/arm-examples/blink/GCC_Project/output/cli_args.o
 .rodata.CLI_numX_getshow_X.str1.1
                0x0000000000007e84       0x23 /data/data/com.termux/files/home/arm-examples/blink/GCC_Project/output/cli_args.o
 .rodata.handle_help.str1.1
                0x0000000000007ea7       0x2e /data/data/com.termux/files/home/arm-examples/blink/GCC_Project/output/cli_loop.o
                                         0x33 (size before relaxing)
 .rodata.CLI_cmd_stack_push.str1.1
                0x0000000000007ed5       0x1a /data/data/com.termux/files/home/arm-examples/blink/GCC_Project/output/cli_loop.o
 .rodata.CLI_cmd_stack_pop.str1.1
                0x0000000000007eef       0x16 /data/data/com.termux/files/home/arm-examples/blink/GCC_Project/output/cli_loop.o
 .rodata.handle_exit.str1.1
                0x0000000000007f05        0xa /data/data/com.termux/files/home/arm-examples/blink/GCC_Project/output/cli_loop.o
 .rodata.CLI_print_prompt.str1.1
                0x0000000000007f0f        0xd /data/data/com.termux/files/home/arm-examples/blink/GCC_Project/output/cli_loop.o
 .rodata.CLI_dispatch_subcmd.str1.1
                0x0000000000007f1c       0x2a /data/data/com.termux/files/home/arm-examples/blink/GCC_Project/output/cli_loop.o
 .rodata.CLI_dispatch.str1.1
                0x0000000000007f46       0x21 /data/data/com.termux/files/home/arm-examples/blink/GCC_Project/output/cli_loop.o
 .rodata.CLI_verror.str1.1
                0x0000000000007f67        0x8 /data/data/com.termux/files/home/arm-examples/blink/GCC_Project/output/cli_loop.o
 .rodata.CLI_rx_byte.str1.1
                0x0000000000007f6f        0x9 /data/data/com.termux/files/home/arm-examples/blink/GCC_Project/output/cli_loop.o
 .rodata.str1.1
                0x0000000000007f78       0x21 /data/data/com.termux/files/home/arm-examples/blink/GCC_Project/output/cli_loop.o
                                         0x26 (size before relaxing)
 .rodata._backspace.0
                0x0000000000007f99        0x4 /data/data/com.termux/files/home/arm-examples/blink/GCC_Project/output/cli_loop.o
 *fill*         0x0000000000007f9d        0x3 
 .rodata.std_cmds
                0x0000000000007fa0       0x40 /data/data/com.termux/files/home/arm-examples/blink/GCC_Project/output/cli_loop.o
 .rodata.CLI_error_missing_parameter.str1.1
                0x0000000000007fe0        0xd /data/data/com.termux/files/home/arm-examples/blink/GCC_Project/output/cli_misc.o
 .rodata.CLI_error_not_a_number.str1.1
                0x0000000000007fed       0x17 /data/data/com.termux/files/home/arm-examples/blink/GCC_Project/output/cli_misc.o
 .rodata.CLI_task.str1.1
                0x0000000000008004       0x42 /data/data/com.termux/files/home/arm-examples/blink/GCC_Project/output/cli_platform.o
 .rodata.CLI_start_task.str1.1
                0x0000000000008046       0x5a /data/data/com.termux/files/home/arm-examples/blink/GCC_Project/output/cli_platform.o
 .rodata.dbg_str.str1.1
                0x00000000000080a0        0x3 /data/data/com.termux/files/home/arm-examples/blink/GCC_Project/output/dbg_uart.o
 .rodata._colon_tt.0
                0x00000000000080a3        0x4 /data/data/com.termux/files/home/arm-examples/blink/GCC_Project/output/dbg_uart.o
 .rodata.HAL_PAD_Config.str1.1
                0x00000000000080a7       0x54 /data/data/com.termux/files/home/arm-examples/blink/GCC_Project/output/eoss3_hal_pad_config.o
 .rodata.IO_INPUT_PAD_SEL
                0x00000000000080fb       0x10 /data/data/com.termux/files/home/arm-examples/blink/GCC_Project/output/eoss3_hal_pad_config.o
                0x00000000000080fb                IO_INPUT_PAD_SEL
 .rodata.SEL_EXT_PAD_REGS
                0x000000000000810b      0x160 /data/data/com.termux/files/home/arm-examples/blink/GCC_Project/output/eoss3_hal_pad_config.o
                0x000000000000810b                SEL_EXT_PAD_REGS
 .rodata.unlock_spi1_bus.str1.1
                0x000000000000826b       0x36 /data/data/com.termux/files/home/arm-examples/blink/GCC_Project/output/eoss3_hal_spi.o
 .rodata.SendEventToTimerThread.str1.1
                0x00000000000082a1       0x82 /data/data/com.termux/files/home/arm-examples/blink/GCC_Project/output/eoss3_hal_timer.o
 .rodata.HAL_Timer_ISR.str1.1
                0x0000000000008323       0x20 /data/data/com.termux/files/home/arm-examples/blink/GCC_Project/output/eoss3_hal_timer.o
 .rodata.__FUNCTION__.6
                0x0000000000008343        0xe /data/data/com.termux/files/home/arm-examples/blink/GCC_Project/output/eoss3_hal_timer.o
 .rodata.uart_init.str1.1
                0x0000000000008351        0xc /data/data/com.termux/files/home/arm-examples/blink/GCC_Project/output/eoss3_hal_uart.o
 *fill*         0x000000000000835d        0x3 
 .rodata.CSWTCH.25
                0x0000000000008360       0x28 /data/data/com.termux/files/home/arm-examples/blink/GCC_Project/output/eoss3_hal_uart.o
 .rodata.WDT_ISR.str1.1
                0x0000000000008388       0x4d /data/data/com.termux/files/home/arm-examples/blink/GCC_Project/output/eoss3_hal_wdt.o
 .rodata.__FUNCTION__.2
                0x00000000000083d5        0x8 /data/data/com.termux/files/home/arm-examples/blink/GCC_Project/output/eoss3_hal_wdt.o
 .rodata.spurious_interrupt.str1.1
                0x00000000000083dd        0xd /data/data/com.termux/files/home/arm-examples/blink/GCC_Project/output/exceptions.o
 .rodata.prvGetRegistersFromStack.str1.1
                0x00000000000083ea       0x41 /data/data/com.termux/files/home/arm-examples/blink/GCC_Project/output/exceptions.o
                                         0x44 (size before relaxing)
 .rodata.vApplicationMallocFailedHook.str1.1
                0x000000000000842b       0x20 /data/data/com.termux/files/home/arm-examples/blink/GCC_Project/output/exceptions.o
 .rodata.vApplicationStackOverflowHook.str1.1
                0x000000000000844b       0x21 /data/data/com.termux/files/home/arm-examples/blink/GCC_Project/output/exceptions.o
 .rodata.pvPortMalloc.str1.1
                0x000000000000846c       0x58 /data/data/com.termux/files/home/arm-examples/blink/GCC_Project/output/heap_4.o
 .rodata.vPortFree.str1.1
                0x00000000000084c4       0x35 /data/data/com.termux/files/home/arm-examples/blink/GCC_Project/output/heap_4.o
 .rodata.main.str1.1
                0x00000000000084f9       0xcb /data/data/com.termux/files/home/arm-examples/blink/GCC_Project/output/main.o
                                         0xd0 (size before relaxing)
 .rodata.set_gpio_input.str1.1
                0x00000000000085c4        0x3 /data/data/com.termux/files/home/arm-examples/blink/GCC_Project/output/main_dbg_cli_menu.o
 .rodata.set_gpio_output.str1.1
                0x00000000000085c7        0x3 /data/data/com.termux/files/home/arm-examples/blink/GCC_Project/output/main_dbg_cli_menu.o
                                          0x4 (size before relaxing)
 .rodata.get_gpio_value.str1.1
                0x00000000000085c7       0x11 /data/data/com.termux/files/home/arm-examples/blink/GCC_Project/output/main_dbg_cli_menu.o
 .rodata.str1.1
                0x00000000000085d8       0x6e /data/data/com.termux/files/home/arm-examples/blink/GCC_Project/output/main_dbg_cli_menu.o
 *fill*         0x0000000000008646        0x2 
 .rodata.my_main_menu
                0x0000000000008648       0x20 /data/data/com.termux/files/home/arm-examples/blink/GCC_Project/output/main_dbg_cli_menu.o
                0x0000000000008648                my_main_menu
 .rodata.qorc_gpioctlr
                0x0000000000008668       0x40 /data/data/com.termux/files/home/arm-examples/blink/GCC_Project/output/main_dbg_cli_menu.o
                0x0000000000008668                qorc_gpioctlr
 .rodata.prvTaskExitError.str1.1
                0x00000000000086a8       0x6b /data/data/com.termux/files/home/arm-examples/blink/GCC_Project/output/port.o
 .rodata.xQueueGenericReset.str1.1
                0x0000000000008713       0x46 /data/data/com.termux/files/home/arm-examples/blink/GCC_Project/output/queue.o
 .rodata.S3x_Clk_Init.str1.1
                0x0000000000008759       0x5c /data/data/com.termux/files/home/arm-examples/blink/GCC_Project/output/s3x_clock.o
 .rodata.DFS_StartTimer.str1.1
                0x00000000000087b5       0x5d /data/data/com.termux/files/home/arm-examples/blink/GCC_Project/output/s3x_dfs.o
 .rodata.S3x_Set_Policy.str1.1
                0x0000000000008812       0x17 /data/data/com.termux/files/home/arm-examples/blink/GCC_Project/output/s3x_dfs.o
 .rodata.s3x_pi_set_active_st.str1.1
                0x0000000000008829       0x2f /data/data/com.termux/files/home/arm-examples/blink/GCC_Project/output/s3x_pi.o
 .rodata.__func__.0
                0x0000000000008858       0x15 /data/data/com.termux/files/home/arm-examples/blink/GCC_Project/output/s3x_pi.o
 .rodata.save_assert_info.str1.1
                0x000000000000886d       0x1c /data/data/com.termux/files/home/arm-examples/blink/GCC_Project/output/sec_debug.o
 .rodata.invoke_soft_fault.str1.1
                0x0000000000008889        0xc /data/data/com.termux/files/home/arm-examples/blink/GCC_Project/output/sec_debug.o
 .rodata        0x0000000000008895        0x8 /data/data/com.termux/files/home/arm-examples/blink/GCC_Project/output/sec_debug.o
 .rodata.prvTaskIsTaskSuspended.str1.1
                0x000000000000889d       0x46 /data/data/com.termux/files/home/arm-examples/blink/GCC_Project/output/tasks.o
 .rodata.prvCheckForValidListAndQueue.str1.1
                0x00000000000088e3        0x5 /data/data/com.termux/files/home/arm-examples/blink/GCC_Project/output/timers.o
 .rodata.xTimerCreateTimerTask.str1.1
                0x00000000000088e8       0x4f /data/data/com.termux/files/home/arm-examples/blink/GCC_Project/output/timers.o
 *fill*         0x0000000000008937        0x1 
 .rodata        0x0000000000008938        0x4 /usr/lib/gcc/arm-none-eabi/10.3.1/../../../arm-none-eabi/lib/thumb/v7e-m+fp/hard/libg_nano.a(lib_a-impure.o)
                0x0000000000008938                _global_impure_ptr
 .rodata        0x000000000000893c      0x101 /usr/lib/gcc/arm-none-eabi/10.3.1/../../../arm-none-eabi/lib/thumb/v7e-m+fp/hard/libg_nano.a(lib_a-ctype_.o)
                0x000000000000893c                _ctype_
 *fill*         0x0000000000008a3d        0x3 
 .rodata        0x0000000000008a40       0x60 /usr/lib/gcc/arm-none-eabi/10.3.1/../../../arm-none-eabi/lib/thumb/v7e-m+fp/hard/libg_nano.a(lib_a-findfp.o)
                0x0000000000008a40                __sf_fake_stderr
                0x0000000000008a60                __sf_fake_stdout
                0x0000000000008a80                __sf_fake_stdin
 .rodata.str1.4
                0x0000000000008aa0       0x13 /usr/lib/gcc/arm-none-eabi/10.3.1/../../../arm-none-eabi/lib/thumb/v7e-m+fp/hard/libg_nano.a(lib_a-nano-svfprintf.o)
 .rodata.str1.4
                0x0000000000008ab3       0x13 /usr/lib/gcc/arm-none-eabi/10.3.1/../../../arm-none-eabi/lib/thumb/v7e-m+fp/hard/libg_nano.a(lib_a-nano-vfprintf.o)
 *fill*         0x0000000000008ab3        0x1 
 .rodata.str1.4
                0x0000000000008ab4       0x25 /usr/lib/gcc/arm-none-eabi/10.3.1/../../../arm-none-eabi/lib/thumb/v7e-m+fp/hard/libg_nano.a(lib_a-nano-vfprintf_i.o)
 *(.eh_fram e*)

.eh_frame       0x0000000000008adc        0x0
 .eh_frame      0x0000000000008adc        0x0 /usr/lib/gcc/arm-none-eabi/10.3.1/thumb/v7e-m+fp/hard/crtbegin.o

.glue_7         0x0000000000008adc        0x0
 .glue_7        0x0000000000008adc        0x0 linker stubs

.glue_7t        0x0000000000008adc        0x0
 .glue_7t       0x0000000000008adc        0x0 linker stubs

.vfp11_veneer   0x0000000000008adc        0x0
 .vfp11_veneer  0x0000000000008adc        0x0 linker stubs

.v4_bx          0x0000000000008adc        0x0
 .v4_bx         0x0000000000008adc        0x0 linker stubs

.iplt           0x0000000000008adc        0x0
 .iplt          0x0000000000008adc        0x0 /usr/lib/gcc/arm-none-eabi/10.3.1/thumb/v7e-m+fp/hard/crtbegin.o

.ARM.extab
 *(.ARM.extab* .gnu.linkonce.armextab.*)
                0x0000000000008ad9                __exidx_start = .

.ARM.exidx      0x0000000000008adc        0x8
 *(.ARM.exidx* .gnu.linkonce.armexidx.*)
 .ARM.exidx     0x0000000000008adc        0x8 /usr/lib/gcc/arm-none-eabi/10.3.1/../../../arm-none-eabi/lib/thumb/v7e-m+fp/hard/crt0.o
                                         0x10 (size before relaxing)
 .ARM.exidx     0x0000000000008ae4        0x0 /usr/lib/gcc/arm-none-eabi/10.3.1/thumb/v7e-m+fp/hard/libgcc.a(_udivmoddi4.o)
                                          0x8 (size before relaxing)
                0x0000000000008ae4                __exidx_end = .
                0x0000000000008ae4                __etext = .
                0x0000000000008ae4                _sidata = __etext

.rel.dyn        0x0000000000008ae4        0x0
 .rel.iplt      0x0000000000008ae4        0x0 /usr/lib/gcc/arm-none-eabi/10.3.1/thumb/v7e-m+fp/hard/crtbegin.o

.data           0x0000000020027000      0x8fc load address 0x0000000000008ae4
                0x0000000020027000                __data_start__ = .
                0x0000000020027000                _sdata = __data_start__
 *(vtable)
 *(.data*)